Archive member included because of file (symbol)

C:/ISIS/workspace/Kiryta Ata/satellite-subsystems/demo/..//satellite-subsystems/lib\libSatelliteSubsystemsD.a(GomEPS.o)
                              ./src/Demos/GomEPSdemo.o (GomEpsInitialize)
C:/ISIS/workspace/Kiryta Ata/satellite-subsystems/demo/..//satellite-subsystems/lib\libSatelliteSubsystemsD.a(IsisAntS.o)
                              ./src/Demos/IsisAntSdemo.o (IsisAntS_initialize)
C:/ISIS/workspace/Kiryta Ata/satellite-subsystems/demo/..//satellite-subsystems/lib\libSatelliteSubsystemsD.a(IsisMTQv1.o)
                              ./src/Demos/IsisMTQv1demo.o (isisMTQv1_initialize)
C:/ISIS/workspace/Kiryta Ata/satellite-subsystems/demo/..//satellite-subsystems/lib\libSatelliteSubsystemsD.a(IsisMTQv2.o)
                              ./src/Demos/IsisMTQv2demo.o (IsisMTQv2_initialize)
C:/ISIS/workspace/Kiryta Ata/satellite-subsystems/demo/..//satellite-subsystems/lib\libSatelliteSubsystemsD.a(IsisSolarPanel.o)
                              ./src/Demos/IsisSPdemo.o (IsisSolarPanel_getTemperature)
C:/ISIS/workspace/Kiryta Ata/satellite-subsystems/demo/..//satellite-subsystems/lib\libSatelliteSubsystemsD.a(IsisSolarPanelv2.o)
                              ./src/Demos/IsisSPv2demo.o (IsisSolarPanelv2_initialize)
C:/ISIS/workspace/Kiryta Ata/satellite-subsystems/demo/..//satellite-subsystems/lib\libSatelliteSubsystemsD.a(IsisTRXUV.o)
                              ./src/Demos/IsisTRXUVdemo.o (IsisTrxuv_initialize)
C:/ISIS/workspace/Kiryta Ata/satellite-subsystems/demo/..//satellite-subsystems/lib\libSatelliteSubsystemsD.a(IsisTRXVU.o)
                              ./src/Demos/IsisTRXVUdemo.o (IsisTrxvu_initialize)
C:/ISIS/workspace/Kiryta Ata/satellite-subsystems/demo/..//satellite-subsystems/lib\libSatelliteSubsystemsD.a(IsisTxS.o)
                              ./src/Demos/IsisTxSdemo.o (IsisTxsInitialize)
C:/ISIS/workspace/Kiryta Ata/satellite-subsystems/demo/..//satellite-subsystems/lib\libSatelliteSubsystemsD.a(cspaceADCS.o)
                              ./src/Demos/cspaceADCSdemo.o (cspaceADCS_initialize)
C:/ISIS/workspace/Kiryta Ata/satellite-subsystems/demo/..//satellite-subsystems/lib\libSatelliteSubsystemsD.a(isis_eps_driver.o)
                              ./src/Demos/isis_eps_demo.o (ISIS_EPS_Init)
C:/ISIS/workspace/Kiryta Ata/satellite-subsystems/demo/..//satellite-subsystems/lib\libSatelliteSubsystemsD.a(version.o)
                              ./src/main.o (SatelliteSubsystemsCompileDate)
C:/ISIS/workspace/Kiryta Ata/satellite-subsystems/demo/..//satellite-subsystems/lib\libSatelliteSubsystemsD.a(gecko_driver.o)
                              ./src/Demos/ScsGeckoDemo.o (GECKO_SetReg)
C:/ISIS/workspace/Kiryta Ata/satellite-subsystems/demo/..//satellite-subsystems/lib\libSatelliteSubsystemsD.a(gecko_use_cases.o)
                              ./src/Demos/ScsGeckoDemo.o (GECKO_UC_Init)
C:/ISIS/workspace/Kiryta Ata/satellite-subsystems/demo/..//satellite-subsystems/lib\libSatelliteSubsystemsD.a(IsisTRXCommon.o)
                              C:/ISIS/workspace/Kiryta Ata/satellite-subsystems/demo/..//satellite-subsystems/lib\libSatelliteSubsystemsD.a(IsisTRXUV.o) (IsisTrxCommon_componentReset)
c:/isis/application/toolchain/bin/../lib/gcc/arm-none-eabi/4.7.4/../../../../arm-none-eabi/lib\libm.a(lib_a-w_exp.o)
                              ./src/Demos/common.o (exp)
c:/isis/application/toolchain/bin/../lib/gcc/arm-none-eabi/4.7.4/../../../../arm-none-eabi/lib\libm.a(lib_a-w_log.o)
                              C:/ISIS/workspace/Kiryta Ata/satellite-subsystems/demo/..//satellite-subsystems/lib\libSatelliteSubsystemsD.a(gecko_driver.o) (log)
c:/isis/application/toolchain/bin/../lib/gcc/arm-none-eabi/4.7.4/../../../../arm-none-eabi/lib\libm.a(lib_a-e_exp.o)
                              c:/isis/application/toolchain/bin/../lib/gcc/arm-none-eabi/4.7.4/../../../../arm-none-eabi/lib\libm.a(lib_a-w_exp.o) (__ieee754_exp)
c:/isis/application/toolchain/bin/../lib/gcc/arm-none-eabi/4.7.4/../../../../arm-none-eabi/lib\libm.a(lib_a-e_log.o)
                              c:/isis/application/toolchain/bin/../lib/gcc/arm-none-eabi/4.7.4/../../../../arm-none-eabi/lib\libm.a(lib_a-w_log.o) (__ieee754_log)
c:/isis/application/toolchain/bin/../lib/gcc/arm-none-eabi/4.7.4/../../../../arm-none-eabi/lib\libm.a(lib_a-s_finite.o)
                              c:/isis/application/toolchain/bin/../lib/gcc/arm-none-eabi/4.7.4/../../../../arm-none-eabi/lib\libm.a(lib_a-w_exp.o) (finite)
c:/isis/application/toolchain/bin/../lib/gcc/arm-none-eabi/4.7.4/../../../../arm-none-eabi/lib\libm.a(lib_a-s_fpclassify.o)
                              c:/isis/application/toolchain/bin/../lib/gcc/arm-none-eabi/4.7.4/../../../../arm-none-eabi/lib\libm.a(lib_a-w_log.o) (__fpclassifyd)
c:/isis/application/toolchain/bin/../lib/gcc/arm-none-eabi/4.7.4/../../../../arm-none-eabi/lib\libm.a(lib_a-s_lib_ver.o)
[...]
Memory Configuration

Name             Origin             Length             Attributes
sram0            0x00200000         0x00004000         w !xr
sram1            0x00300000         0x00004000         w !xr
sdram            0x20000000         0x02000000         w !xr
*default*        0x00000000         0xffffffff

Linker script and memory map

LOAD c:/isis/application/toolchain/bin/../lib/gcc/arm-none-eabi/4.7.4/../../../../arm-none-eabi/lib\libc.a
LOAD ./src/Demos/GomEPSdemo.o
LOAD ./src/Demos/IsisAntSdemo.o
LOAD ./src/Demos/IsisMTQv1demo.o
LOAD ./src/Demos/IsisMTQv2demo.o
LOAD ./src/Demos/IsisSPdemo.o
LOAD ./src/Demos/IsisSPv2demo.o
LOAD ./src/Demos/IsisTRXUVdemo.o
LOAD ./src/Demos/IsisTRXVUdemo.o
LOAD ./src/Demos/IsisTxSdemo.o
LOAD ./src/Demos/ScsGeckoDemo.o
LOAD ./src/Demos/common.o
LOAD ./src/Demos/cspaceADCSdemo.o
LOAD ./src/Demos/input.o
LOAD ./src/Demos/isis_eps_demo.o
LOAD ./src/Demos/trxvu_frame_ready.o
LOAD ./src/main.o
LOAD C:/ISIS/workspace/Kiryta Ata/satellite-subsystems/demo/..//satellite-subsystems/lib\libSatelliteSubsystemsD.a
LOAD c:/isis/application/toolchain/bin/../lib/gcc/arm-none-eabi/4.7.4/../../../../arm-none-eabi/lib\libm.a
LOAD C:/ISIS/workspace/Kiryta Ata/satellite-subsystems/demo/../..//hal/hcc/lib\libHCCD.a
LOAD C:/ISIS/workspace/Kiryta Ata/satellite-subsystems/demo/../..//hal/hal/lib\libHALD.a
LOAD C:/ISIS/workspace/Kiryta Ata/satellite-subsystems/demo/../..//hal/freertos/lib\libFreeRTOSD.a
LOAD C:/ISIS/workspace/Kiryta Ata/satellite-subsystems/demo/../..//hal/at91/lib\libAt91D.a
START GROUP
LOAD c:/isis/application/toolchain/bin/../lib/gcc/arm-none-eabi/4.7.4\libgcc.a
LOAD c:/isis/application/toolchain/bin/../lib/gcc/arm-none-eabi/4.7.4/../../../../arm-none-eabi/lib\libg.a
LOAD c:/isis/application/toolchain/bin/../lib/gcc/arm-none-eabi/4.7.4/../../../../arm-none-eabi/lib\libc.a
END GROUP

.fixed          0x20000000    0x55ec0
                0x20000000                . = ALIGN (0x4)
                0x20000000                _sfixed = .
 *(.startup)
 .startup       0x20000000      0x14c C:/ISIS/workspace/Kiryta Ata/satellite-subsystems/demo/../..//hal/at91/lib\libAt91D.a(board_cstartup.o)
                0x20000000                entry
 *(.text)
 .text          0x2000014c       0x64 C:/ISIS/workspace/Kiryta Ata/satellite-subsystems/demo/../..//hal/at91/lib\libAt91D.a(cp15_asm.o)
                0x2000014c                _readControlRegister
                0x20000158                _writeControlRegister
                0x20000160                _waitForInterrupt
                0x2000016c                _writeTTB
                0x20000174                _writeDomain
                0x2000017c                _writeITLBLockdown
                0x20000184                _prefetchICacheLine
                0x2000018c                _flushDCache
                0x20000198                _flushWriteBuffer
                0x200001a4                _invalidateIDTLBs
 .text          0x200001b0      0x114 c:/isis/application/toolchain/bin/../lib/gcc/arm-none-eabi/4.7.4\libgcc.a(_udivsi3.o)
                0x200001b0                __aeabi_uidiv
                0x200001b0                __udivsi3
                0x200002a4                __aeabi_uidivmod
 .text          0x200002c4      0x148 c:/isis/application/toolchain/bin/../lib/gcc/arm-none-eabi/4.7.4\libgcc.a(_divsi3.o)
                0x200002c4                __divsi3
                0x200002c4                __aeabi_idiv
                0x200003ec                __aeabi_idivmod
 .text          0x2000040c        0x4 c:/isis/application/toolchain/bin/../lib/gcc/arm-none-eabi/4.7.4\libgcc.a(_dvmd_tls.o)
                0x2000040c                __aeabi_idiv0
                0x2000040c                __aeabi_ldiv0
 .text          0x20000410      0x41c c:/isis/application/toolchain/bin/../lib/gcc/arm-none-eabi/4.7.4\libgcc.a(_arm_addsubdf3.o)
                0x20000410                __aeabi_drsub
                0x20000418                __aeabi_dsub
                0x20000418                __subdf3
                0x2000041c                __aeabi_dadd
                0x2000041c                __adddf3
                0x2000072c                __floatunsidf
                0x2000072c                __aeabi_ui2d
                0x20000750                __floatsidf
                0x20000750                __aeabi_i2d
                0x20000778                __aeabi_f2d
                0x20000778                __extendsfdf2
                0x200007b8                __floatundidf
                0x200007b8                __aeabi_ul2d
                0x200007cc                __floatdidf
                0x200007cc                __aeabi_l2d
 .text          0x2000082c      0x49c c:/isis/application/toolchain/bin/../lib/gcc/arm-none-eabi/4.7.4\libgcc.a(_arm_muldivdf3.o)
                0x2000082c                __aeabi_dmul
                0x2000082c                __muldf3
                0x20000abc                __divdf3
                0x20000abc                __aeabi_ddiv
 .text          0x20000cc8      0x144 c:/isis/application/toolchain/bin/../lib/gcc/arm-none-eabi/4.7.4\libgcc.a(_arm_cmpdf2.o)
                0x20000cc8                __gtdf2
                0x20000cc8                __gedf2
                0x20000cd0                __ltdf2
                0x20000cd0                __ledf2
                0x20000cd8                __nedf2
                0x20000cd8                __eqdf2
                0x20000cd8                __cmpdf2
                0x20000d60                __aeabi_cdrcmple
                0x20000d7c                __aeabi_cdcmpeq
                0x20000d7c                __aeabi_cdcmple
                0x20000d94                __aeabi_dcmpeq
                0x20000dac                __aeabi_dcmplt
                0x20000dc4                __aeabi_dcmple
                0x20000ddc                __aeabi_dcmpge
                0x20000df4                __aeabi_dcmpgt
 .text          0x20000e0c       0x5c c:/isis/application/toolchain/bin/../lib/gcc/arm-none-eabi/4.7.4\libgcc.a(_arm_fixdfsi.o)
                0x20000e0c                __aeabi_d2iz
                0x20000e0c                __fixdfsi
 .text          0x20000e68       0x54 c:/isis/application/toolchain/bin/../lib/gcc/arm-none-eabi/4.7.4\libgcc.a(_arm_fixunsdfsi.o)
                0x20000e68                __aeabi_d2uiz
                0x20000e68                __fixunsdfsi
 .text          0x20000ebc       0xa0 c:/isis/application/toolchain/bin/../lib/gcc/arm-none-eabi/4.7.4\libgcc.a(_arm_truncdfsf2.o)
                0x20000ebc                __truncdfsf2
                0x20000ebc                __aeabi_d2f
 .text          0x20000f5c      0x2ac c:/isis/application/toolchain/bin/../lib/gcc/arm-none-eabi/4.7.4\libgcc.a(_arm_addsubsf3.o)
                0x20000f5c                __aeabi_frsub
                0x20000f64                __subsf3
                0x20000f64                __aeabi_fsub
                0x20000f68                __aeabi_fadd
                0x20000f68                __addsf3
                0x20001124                __aeabi_ui2f
                0x20001124                __floatunsisf
                0x2000112c                __aeabi_i2f
                0x2000112c                __floatsisf
                0x2000114c                __aeabi_ul2f
                0x2000114c                __floatundisf
                0x2000115c                __aeabi_l2f
                0x2000115c                __floatdisf
 .text          0x20001208      0x2f8 c:/isis/application/toolchain/bin/../lib/gcc/arm-none-eabi/4.7.4\libgcc.a(_arm_muldivsf3.o)
                0x20001208                __mulsf3
                0x20001208                __aeabi_fmul
                0x200013a0                __aeabi_fdiv
                0x200013a0                __divsf3
 .text          0x20001500       0x3c c:/isis/application/toolchain/bin/../lib/gcc/arm-none-eabi/4.7.4\libgcc.a(_aeabi_uldivmod.o)
                0x20001500                __aeabi_uldivmod
 .text          0x2000153c       0x84 c:/isis/application/toolchain/bin/../lib/gcc/arm-none-eabi/4.7.4\libgcc.a(bpabi.o)
                0x2000153c                __gnu_ldivmod_helper
                0x20001580                __gnu_uldivmod_helper
 .text          0x200015c0      0x4f0 c:/isis/application/toolchain/bin/../lib/gcc/arm-none-eabi/4.7.4\libgcc.a(_divdi3.o)
                0x200015c0                __divdi3
 .text          0x20001ab0      0x488 c:/isis/application/toolchain/bin/../lib/gcc/arm-none-eabi/4.7.4\libgcc.a(_udivdi3.o)
                0x20001ab0                __udivdi3
 .text          0x20001f38       0x48 c:/isis/application/toolchain/bin/../lib/gcc/arm-none-eabi/4.7.4\libgcc.a(_clzsi2.o)
                0x20001f38                __clzsi2
 *(.text*)
 .text.EPS_TelemetryHKbasic
                0x20001f80      0x154 ./src/Demos/GomEPSdemo.o
 .text.EPS_TelemetryHKwdt
                0x200020d4      0x108 ./src/Demos/GomEPSdemo.o
 .text.EPS_TelemetryHKout
                0x200021dc      0x320 ./src/Demos/GomEPSdemo.o
 .text.EPS_TelemetryHKvi
                0x200024fc      0x104 ./src/Demos/GomEPSdemo.o
 .text.EPS_TelemetryHKGeneral
                0x20002600      0x584 ./src/Demos/GomEPSdemo.o
 .text.EPS_TelemetryHKParam
                0x20002b84      0x34c ./src/Demos/GomEPSdemo.o
 .text.EPS_SetOutputOn
                0x20002ed0       0x80 ./src/Demos/GomEPSdemo.o
 .text.EPS_SetOutputOff
                0x20002f50       0x80 ./src/Demos/GomEPSdemo.o
 .text.EPS_Reboot
                0x20002fd0       0x7c ./src/Demos/GomEPSdemo.o
 .text.EPS_TelemetryHKGeneral_BatteryLoop
                0x2000304c      0x18c ./src/Demos/GomEPSdemo.o
 .text.selectAndExecuteGomEPSDemoTest
                0x200031d8      0x1a4 ./src/Demos/GomEPSdemo.o
 .text.GomEPSdemoInit
                0x2000337c       0x88 ./src/Demos/GomEPSdemo.o
                0x2000337c                GomEPSdemoInit
 .text.GomEPSdemoLoop
                0x20003404       0x3c ./src/Demos/GomEPSdemo.o
                0x20003404                GomEPSdemoLoop
 .text.GomEPSdemoMain
                0x20003440       0x30 ./src/Demos/GomEPSdemo.o
                0x20003440                GomEPSdemoMain
 .text.GomEPStest
                0x20003470       0x18 ./src/Demos/GomEPSdemo.o
                0x20003470                GomEPStest
 .text.resetAntSTest
                0x20003488       0x9c ./src/Demos/IsisAntSdemo.o
 .text.printDeploymentStatus
                0x20003524       0x60 ./src/Demos/IsisAntSdemo.o
 .text.getStatusAntSTest
                0x20003584      0x178 ./src/Demos/IsisAntSdemo.o
 .text.tempAntSTest
                0x200036fc      0x1a4 ./src/Demos/IsisAntSdemo.o
 .text.uptimeAntSTest
                0x200038a0       0xa4 ./src/Demos/IsisAntSdemo.o
 .text.telemAntSTest
                0x20003944      0x1cc ./src/Demos/IsisAntSdemo.o
 .text.setARMStatus
                0x20003b10      0x158 ./src/Demos/IsisAntSdemo.o
 .text.autoDeploymentAntSTest
                0x20003c68      0x140 ./src/Demos/IsisAntSdemo.o
 .text.manualDeploymentAntSTest
                0x20003da8      0x18c ./src/Demos/IsisAntSdemo.o
 .text.selectAndExecuteAntSDemoTest
                0x20003f34      0x2c4 ./src/Demos/IsisAntSdemo.o
                0x20003f34                selectAndExecuteAntSDemoTest
 .text.initmain
                0x200041f8       0x9c ./src/Demos/IsisAntSdemo.o
 .text.Ants_mainDemo
                0x20004294       0x40 ./src/Demos/IsisAntSdemo.o
 .text.AntStest
                0x200042d4       0x1c ./src/Demos/IsisAntSdemo.o
                0x200042d4                AntStest
 .text.getTemperature
                0x200042f0       0x60 ./src/Demos/IsisMTQv1demo.o
 .text.selectAndExecuteMtqDemoTest
                0x20004350       0xa8 ./src/Demos/IsisMTQv1demo.o
 .text.initmain
                0x200043f8       0x38 ./src/Demos/IsisMTQv1demo.o
 .text.Mtqv1_mainDemo
                0x20004430       0x3c ./src/Demos/IsisMTQv1demo.o
 .text.MTQv1test
                0x2000446c       0x1c ./src/Demos/IsisMTQv1demo.o
                0x2000446c                MTQv1test
 .text._parse_resp
                0x20004488      0x25c ./src/Demos/IsisMTQv2demo.o
 .text._parse_selftest_step
                0x200046e4      0x530 ./src/Demos/IsisMTQv2demo.o
 .text._get_axis_inputs
                0x20004c14      0x344 ./src/Demos/IsisMTQv2demo.o
 .text._softReset
                0x20004f58       0xf4 ./src/Demos/IsisMTQv2demo.o
 .text._noOperation
                0x2000504c       0xe8 ./src/Demos/IsisMTQv2demo.o
 .text._cancelOperation
                0x20005134       0xdc ./src/Demos/IsisMTQv2demo.o
 .text._startMTMMeasurement
                0x20005210       0xfc ./src/Demos/IsisMTQv2demo.o
 .text._startMTQActuationCurrent
                0x2000530c      0x12c ./src/Demos/IsisMTQv2demo.o
 .text._startMTQActuationDipole
                0x20005438      0x148 ./src/Demos/IsisMTQv2demo.o
 .text._startMTQActuationPWM
                0x20005580      0x12c ./src/Demos/IsisMTQv2demo.o
 .text._startSelfTest
                0x200056ac      0x228 ./src/Demos/IsisMTQv2demo.o
 .text._startDetumble
                0x200058d4      0x1a0 ./src/Demos/IsisMTQv2demo.o
 .text._getSystemState
                0x20005a74      0x224 ./src/Demos/IsisMTQv2demo.o
 .text._getRawMTMData
                0x20005c98      0x150 ./src/Demos/IsisMTQv2demo.o
 .text._getCalMTMData
                0x20005de8      0x150 ./src/Demos/IsisMTQv2demo.o
 .text._getCoilCurrent
                0x20005f38      0x140 ./src/Demos/IsisMTQv2demo.o
 .text._getCoilTemperature
                0x20006078      0x140 ./src/Demos/IsisMTQv2demo.o
 .text._getCmdActuationDipole
                0x200061b8      0x14c ./src/Demos/IsisMTQv2demo.o
 .text._getSelftestDataSingleAxis
                0x20006304      0x168 ./src/Demos/IsisMTQv2demo.o
 .text._getSelftestDataAllAxis
                0x2000646c      0x200 ./src/Demos/IsisMTQv2demo.o
 .text._getDetumbleData
                0x2000666c      0x240 ./src/Demos/IsisMTQv2demo.o
 .text._getRawHKData
                0x200068ac      0x218 ./src/Demos/IsisMTQv2demo.o
 .text._getEngHKData
                0x20006ac4      0x248 ./src/Demos/IsisMTQv2demo.o
 .text._getParameter
                0x20006d0c      0x160 ./src/Demos/IsisMTQv2demo.o
 .text._setParameter
                0x20006e6c      0x2b0 ./src/Demos/IsisMTQv2demo.o
 .text._resetParameter
                0x2000711c      0x16c ./src/Demos/IsisMTQv2demo.o
 .text._selectAndExecuteDemoTest
                0x20007288      0x560 ./src/Demos/IsisMTQv2demo.o
 .text.IsisMTQv2demoInit
                0x200077e8       0x88 ./src/Demos/IsisMTQv2demo.o
                0x200077e8                IsisMTQv2demoInit
 .text.IsisMTQv2demoLoop
                0x20007870       0x3c ./src/Demos/IsisMTQv2demo.o
                0x20007870                IsisMTQv2demoLoop
 .text.IsisMTQv2demoMain
                0x200078ac       0x30 ./src/Demos/IsisMTQv2demo.o
                0x200078ac                IsisMTQv2demoMain
 .text.IsisMTQv2test
                0x200078dc       0x18 ./src/Demos/IsisMTQv2demo.o
                0x200078dc                IsisMTQv2test
 .text.SolarPanel_Temperature
                0x200078f4      0x260 ./src/Demos/IsisSPdemo.o
 .text.selectAndExecuteSolarPanelsDemoTest
                0x20007b54       0xa8 ./src/Demos/IsisSPdemo.o
 .text.SolarPaneltest
                0x20007bfc       0x44 ./src/Demos/IsisSPdemo.o
                0x20007bfc                SolarPaneltest
 .text.SolarPanelv2_Temperature
                0x20007c40       0xfc ./src/Demos/IsisSPv2demo.o
                0x20007c40                SolarPanelv2_Temperature
 .text.selectAndExecuteSolarPanelsv2DemoTest
                0x20007d3c       0xa8 ./src/Demos/IsisSPv2demo.o
                0x20007d3c                selectAndExecuteSolarPanelsv2DemoTest
 .text.SolarPanelsv2_mainDemo
                0x20007de4       0x3c ./src/Demos/IsisSPv2demo.o
                0x20007de4                SolarPanelsv2_mainDemo
 .text.SolarPanelv2test
                0x20007e20       0xac ./src/Demos/IsisSPv2demo.o
                0x20007e20                SolarPanelv2test
 .text.resetUVTest
                0x20007ecc       0x28 ./src/Demos/IsisTRXUVdemo.o
 .text.itc_sendDefClSignTest
                0x20007ef4       0xf4 ./src/Demos/IsisTRXUVdemo.o
 .text.itc_sendMsgCWTest
                0x20007fe8       0xf4 ./src/Demos/IsisTRXUVdemo.o
 .text.itc_toggleIdleStateTest
                0x200080dc       0x74 ./src/Demos/IsisTRXUVdemo.o
 .text.itc_setTxBitrate9600Test
                0x20008150       0x2c ./src/Demos/IsisTRXUVdemo.o
 .text.itc_setTxBitrate1200Test
                0x2000817c       0x2c ./src/Demos/IsisTRXUVdemo.o
 .text.imc_getFrameCountTest
                0x200081a8       0x80 ./src/Demos/IsisTRXUVdemo.o
 .text.imc_getFrameCmdTest
                0x20008228      0x178 ./src/Demos/IsisTRXUVdemo.o
 .text.imc_getFrameCmdAndTxTest
                0x200083a0      0x1ec ./src/Demos/IsisTRXUVdemo.o
 .text.imc_getAllTelemTest
                0x2000858c      0x724 ./src/Demos/IsisTRXUVdemo.o
 .text.selectAndExecuteTRXUVDemoTest
                0x20008cb0      0x1a8 ./src/Demos/IsisTRXUVdemo.o
 .text.initmain
                0x20008e58       0x70 ./src/Demos/IsisTRXUVdemo.o
 .text.TRXUV_mainDemo
                0x20008ec8       0x3c ./src/Demos/IsisTRXUVdemo.o
 .text.TRXUVtest
                0x20008f04       0x38 ./src/Demos/IsisTRXUVdemo.o
                0x20008f04                TRXUVtest
 .text.softResetVUTest
                0x20008f3c       0x58 ./src/Demos/IsisTRXVUdemo.o
 .text.hardResetVUTest
                0x20008f94       0x58 ./src/Demos/IsisTRXVUdemo.o
 .text.vutc_sendDefClSignTest
                0x20008fec       0xf4 ./src/Demos/IsisTRXVUdemo.o
 .text.vutc_toggleIdleStateTest
                0x200090e0       0x74 ./src/Demos/IsisTRXVUdemo.o
 .text.vutc_setTxBitrate9600Test
                0x20009154       0x2c ./src/Demos/IsisTRXVUdemo.o
 .text.vutc_setTxBitrate1200Test
                0x20009180       0x2c ./src/Demos/IsisTRXVUdemo.o
 .text.vurc_getFrameCountTest
                0x200091ac       0x80 ./src/Demos/IsisTRXVUdemo.o
 .text.vurc_getFrameCmdTest
                0x2000922c      0x2a0 ./src/Demos/IsisTRXVUdemo.o
 .text.vurc_getFrameCmdAndTxTest
                0x200094cc      0x2e0 ./src/Demos/IsisTRXVUdemo.o
 .text.vurc_revDInterruptCallback
                0x200097ac       0x50 ./src/Demos/IsisTRXVUdemo.o
 .text.vurc_getFrameCmdInterruptTest
                0x200097fc      0x3f0 ./src/Demos/IsisTRXVUdemo.o
 .text.vurc_getRxTelemTest_revC
                0x20009bec      0x3c8 ./src/Demos/IsisTRXVUdemo.o
 .text.vurc_getRxTelemTest_revD
                0x20009fb4      0x524 ./src/Demos/IsisTRXVUdemo.o
 .text.vutc_getTxTelemTest_revC
                0x2000a4d8      0x390 ./src/Demos/IsisTRXVUdemo.o
 .text.vutc_getTxTelemTest_revD
                0x2000a868      0x4ec ./src/Demos/IsisTRXVUdemo.o
 .text.selectAndExecuteTRXVUDemoTest
                0x2000ad54      0x218 ./src/Demos/IsisTRXVUdemo.o
 .text._WatchDogKickTask
                0x2000af6c       0x44 ./src/Demos/IsisTRXVUdemo.o
 .text.IsisTRXVUdemoInit
                0x2000afb0       0xf8 ./src/Demos/IsisTRXVUdemo.o
                0x2000afb0                IsisTRXVUdemoInit
 .text.IsisTRXVUdemoLoop
                0x2000b0a8       0x3c ./src/Demos/IsisTRXVUdemo.o
                0x2000b0a8                IsisTRXVUdemoLoop
 .text.IsisTRXVUdemoMain
                0x2000b0e4       0x30 ./src/Demos/IsisTRXVUdemo.o
                0x2000b0e4                IsisTRXVUdemoMain
 .text.TRXVUtest
                0x2000b114       0x18 ./src/Demos/IsisTRXVUdemo.o
                0x2000b114                TRXVUtest
 .text.softResetTxsTest
                0x2000b12c       0x34 ./src/Demos/IsisTxSdemo.o
 .text.halfMaxBitrateTxsTest
                0x2000b160       0x38 ./src/Demos/IsisTxSdemo.o
 .text.MaxBitrateTxsTest
                0x2000b198       0x38 ./src/Demos/IsisTxSdemo.o
 .text.level4_5dBTxsTest
                0x2000b1d0       0x38 ./src/Demos/IsisTxSdemo.o
 .text.level13_5dBTxsTest
                0x2000b208       0x38 ./src/Demos/IsisTxSdemo.o
 .text.toggleTxsStateTest
                0x2000b240       0x74 ./src/Demos/IsisTxSdemo.o
 .text.addDefaultCallsignFrames
                0x2000b2b4      0x108 ./src/Demos/IsisTxSdemo.o
 .text.getAllTelemTxSTest
                0x2000b3bc      0x574 ./src/Demos/IsisTxSdemo.o
 .text.selectAndExecuteTxSDemoTest
                0x2000b930      0x170 ./src/Demos/IsisTxSdemo.o
 .text.IsisTxSdemoInit
                0x2000baa0       0x98 ./src/Demos/IsisTxSdemo.o
                0x2000baa0                IsisTxSdemoInit
 .text.IsisTxSdemoLoop
                0x2000bb38       0x3c ./src/Demos/IsisTxSdemo.o
                0x2000bb38                IsisTxSdemoLoop
 .text.IsisTxSdemoMain
                0x2000bb74       0x30 ./src/Demos/IsisTxSdemo.o
                0x2000bb74                IsisTxSdemoMain
 .text.TxStest  0x2000bba4       0x18 ./src/Demos/IsisTxSdemo.o
                0x2000bba4                TxStest
 .text.Gecko_GetRegister
                0x2000bbbc       0x90 ./src/Demos/ScsGeckoDemo.o
                0x2000bbbc                Gecko_GetRegister
 .text.Gecko_SetRegister
                0x2000bc4c      0x10c ./src/Demos/ScsGeckoDemo.o
                0x2000bc4c                Gecko_SetRegister
 .text.Gecko_DisplayVersion
                0x2000bd58       0x7c ./src/Demos/ScsGeckoDemo.o
                0x2000bd58                Gecko_DisplayVersion
 .text.Gecko_DisplayUptime
                0x2000bdd4       0x38 ./src/Demos/ScsGeckoDemo.o
                0x2000bdd4                Gecko_DisplayUptime
 .text.Gecko_TakeImage
                0x2000be0c       0x88 ./src/Demos/ScsGeckoDemo.o
                0x2000be0c                Gecko_TakeImage
 .text.Gecko_ReadImage
                0x2000be94      0x3d8 ./src/Demos/ScsGeckoDemo.o
                0x2000be94                Gecko_ReadImage
 .text.Gecko_ReadImageLVDS
                0x2000c26c       0x78 ./src/Demos/ScsGeckoDemo.o
                0x2000c26c                Gecko_ReadImageLVDS
 .text.Gecko_EraseImage
                0x2000c2e4       0x68 ./src/Demos/ScsGeckoDemo.o
                0x2000c2e4                Gecko_EraseImage
 .text.Gecko_PrintAllRegisters
                0x2000c34c       0xd0 ./src/Demos/ScsGeckoDemo.o
                0x2000c34c                Gecko_PrintAllRegisters
 .text.Gecko_PrintTelemetry
                0x2000c41c      0x428 ./src/Demos/ScsGeckoDemo.o
                0x2000c41c                Gecko_PrintTelemetry
 .text._GetBinnedPixel
                0x2000c844       0xe8 ./src/Demos/ScsGeckoDemo.o
 .text.Gecko_BinImage
                0x2000c92c      0x558 ./src/Demos/ScsGeckoDemo.o
                0x2000c92c                Gecko_BinImage
 .text.selectAndExecuteGeckoDemoTest
                0x2000ce84      0x20c ./src/Demos/ScsGeckoDemo.o
                0x2000ce84                selectAndExecuteGeckoDemoTest
 .text._InitFileSystem
                0x2000d090      0x13c ./src/Demos/ScsGeckoDemo.o
                0x2000d090                _InitFileSystem
 .text._DeinitFileSystem
                0x2000d1cc       0x20 ./src/Demos/ScsGeckoDemo.o
                0x2000d1cc                _DeinitFileSystem
 .text.ScsGeckoDemoInit
                0x2000d1ec       0xbc ./src/Demos/ScsGeckoDemo.o
                0x2000d1ec                ScsGeckoDemoInit
 .text.ScsGeckoDemoLoop
                0x2000d2a8       0x3c ./src/Demos/ScsGeckoDemo.o
                0x2000d2a8                ScsGeckoDemoLoop
 .text.ScsGeckoDemoMain
                0x2000d2e4       0x34 ./src/Demos/ScsGeckoDemo.o
                0x2000d2e4                ScsGeckoDemoMain
 .text.GeckoTest
                0x2000d318       0x18 ./src/Demos/ScsGeckoDemo.o
                0x2000d318                GeckoTest
 .text.ing_interact
                0x2000d330      0x470 ./src/Demos/common.o
                0x2000d330                ing_interact
 .text.ing_parse
                0x2000d7a0      0x8f4 ./src/Demos/common.o
                0x2000d7a0                ing_parse
 .text.ing      0x2000e094       0xa4 ./src/Demos/common.o
                0x2000e094                ing
 .text.config_param_info
                0x2000e138      0xb68 ./src/Demos/common.o
                0x2000e138                config_param_info
 .text.print_error
                0x2000eca0       0x54 ./src/Demos/common.o
                0x2000eca0                print_error
 .text.cspaceADCS_ADCSRunModeTest
                0x2000ecf4       0x5c ./src/Demos/cspaceADCSdemo.o
 .text.cspaceADCS_ADCSGenInfo
                0x2000ed50       0xa4 ./src/Demos/cspaceADCSdemo.o
 .text.cspaceADCS_ADCSCommStatusTest
                0x2000edf4      0x114 ./src/Demos/cspaceADCSdemo.o
 .text.cspaceADCS_ADCSPowCtrlCmdTest
                0x2000ef08      0x328 ./src/Demos/cspaceADCSdemo.o
 .text.cspaceADCS_setGetTimeTest
                0x2000f230       0x7c ./src/Demos/cspaceADCSdemo.o
 .text.cspaceADCS_setResetTest
                0x2000f2ac       0x1c ./src/Demos/cspaceADCSdemo.o
 .text.cspaceADCS_setGetWheelspeedTlmTest
                0x2000f2c8      0x154 ./src/Demos/cspaceADCSdemo.o
 .text.cspaceADCS_setMTQTest
                0x2000f41c       0xf8 ./src/Demos/cspaceADCSdemo.o
 .text.cspaceADCS_getMTQTest
                0x2000f514       0x80 ./src/Demos/cspaceADCSdemo.o
 .text.cspaceADCS_getMTMtest
                0x2000f594      0x124 ./src/Demos/cspaceADCSdemo.o
 .text.cspaceADCS_getCurrState
                0x2000f6b8      0x188 ./src/Demos/cspaceADCSdemo.o
 .text.cspaceADCS_ADCSPowCtrlAllOffTest
                0x2000f840      0x1b0 ./src/Demos/cspaceADCSdemo.o
 .text.cspaceADCS_ADCSPowTempTlm
                0x2000f9f0      0x3c0 ./src/Demos/cspaceADCSdemo.o
 .text.cspaceADCS_getGeneralTelemetry
                0x2000fdb0      0x520 ./src/Demos/cspaceADCSdemo.o
 .text.cspaceADCS_getRawGeneralTlmSeveralCmd
                0x200102d0      0x244 ./src/Demos/cspaceADCSdemo.o
 .text.cspaceADCS_getCurrentMeasurements
                0x20010514      0x1ec ./src/Demos/cspaceADCSdemo.o
 .text.cspaceADCS_getADCActuators
                0x20010700       0xd4 ./src/Demos/cspaceADCSdemo.o
 .text.cspaceADCS_getGPSStatusTime
                0x200107d4      0x1e0 ./src/Demos/cspaceADCSdemo.o
 .text.cspaceADCS_getGPSRawData
                0x200109b4       0xd4 ./src/Demos/cspaceADCSdemo.o
 .text.cspaceADCS_getGPSRawMeasurements
                0x20010a88      0x2d8 ./src/Demos/cspaceADCSdemo.o
 .text.cspaceADCS_getADCGroup1
                0x20010d60      0x1f8 ./src/Demos/cspaceADCSdemo.o
 .text.selectAndExecute_cspaceADCSDemoTest
                0x20010f58      0x384 ./src/Demos/cspaceADCSdemo.o
 .text.cspaceADCSdemoInit
                0x200112dc       0x88 ./src/Demos/cspaceADCSdemo.o
                0x200112dc                cspaceADCSdemoInit
 .text.cspaceADCSdemoLoop
                0x20011364       0x3c ./src/Demos/cspaceADCSdemo.o
                0x20011364                cspaceADCSdemoLoop
 .text.cspaceADCSdemoMain
                0x200113a0       0x30 ./src/Demos/cspaceADCSdemo.o
                0x200113a0                cspaceADCSdemoMain
 .text.cspaceADCStest
                0x200113d0       0x18 ./src/Demos/cspaceADCSdemo.o
                0x200113d0                cspaceADCStest
 .text.INPUT_GetINT8
                0x200113e8       0xfc ./src/Demos/input.o
                0x200113e8                INPUT_GetINT8
 .text._GetInput
                0x200114e4      0x108 ./src/Demos/input.o
 .text._print_eps_respone
                0x200115ec       0xc4 ./src/Demos/isis_eps_demo.o
 .text._reset__tmtc
                0x200116b0       0x9c ./src/Demos/isis_eps_demo.o
 .text._cancel__tm
                0x2001174c       0xa4 ./src/Demos/isis_eps_demo.o
 .text._watchdog__tm
                0x200117f0       0xa4 ./src/Demos/isis_eps_demo.o
 .text._outputbuschannelon__tmtc
                0x20011894       0xc4 ./src/Demos/isis_eps_demo.o
 .text._outputbuschanneloff__tmtc
                0x20011958       0xc4 ./src/Demos/isis_eps_demo.o
 .text._switchtonominal__tm
                0x20011a1c       0xa4 ./src/Demos/isis_eps_demo.o
 .text._switchtosafety__tm
                0x20011ac0       0x98 ./src/Demos/isis_eps_demo.o
 .text._getsystemstatus__tm
                0x20011b58      0x24c ./src/Demos/isis_eps_demo.o
 .text._gethousekeepingraw__tm
                0x20011da4      0x60c ./src/Demos/isis_eps_demo.o
 .text._gethousekeepingeng__tm
                0x200123b0      0x640 ./src/Demos/isis_eps_demo.o
 .text.selectAndExecuteIsis_EpsDemoTest
                0x200129f0      0x1a8 ./src/Demos/isis_eps_demo.o
 .text.isis_eps__demo__init
                0x20012b98       0xe0 ./src/Demos/isis_eps_demo.o
                0x20012b98                isis_eps__demo__init
 .text.isis_eps__demo__loop
                0x20012c78       0x48 ./src/Demos/isis_eps_demo.o
                0x20012c78                isis_eps__demo__loop
 .text.isis_eps__demo__main
                0x20012cc0       0x30 ./src/Demos/isis_eps_demo.o
                0x20012cc0                isis_eps__demo__main
 .text.isis_eps__test
                0x20012cf0       0x18 ./src/Demos/isis_eps_demo.o
                0x20012cf0                isis_eps__test
 .text.TRXVU_FR_Enable
                0x20012d08       0x64 ./src/Demos/trxvu_frame_ready.o
                0x20012d08                TRXVU_FR_Enable
 .text.TRXVU_FR_Disable
                0x20012d6c       0x18 ./src/Demos/trxvu_frame_ready.o
                0x20012d6c                TRXVU_FR_Disable
 .text.TRXVU_FR_IsReady
                0x20012d84       0x20 ./src/Demos/trxvu_frame_ready.o
                0x20012d84                TRXVU_FR_IsReady
 .text._Handler
                0x20012da4       0x3c ./src/Demos/trxvu_frame_ready.o
 .text.selectAndExecuteTest
                0x20012de0      0x280 ./src/main.o
                0x20012de0                selectAndExecuteTest
 .text.taskMain
                0x20013060       0x5c ./src/main.o
                0x20013060                taskMain
 .text.main     0x200130bc      0x234 ./src/main.o
                0x200130bc                main
 .text.GomEpsInitialize
                0x200132f0      0x148 C:/ISIS/workspace/Kiryta Ata/satellite-subsystems/demo/..//satellite-subsystems/lib\libSatelliteSubsystemsD.a(GomEPS.o)
                0x200132f0                GomEpsInitialize
 .text.makeEPStransfer
                0x20013438       0x3c C:/ISIS/workspace/Kiryta Ata/satellite-subsystems/demo/..//satellite-subsystems/lib\libSatelliteSubsystemsD.a(GomEPS.o)
 .text.GomEpsSoftReset
                0x20013474       0xc4 C:/ISIS/workspace/Kiryta Ata/satellite-subsystems/demo/..//satellite-subsystems/lib\libSatelliteSubsystemsD.a(GomEPS.o)
                0x20013474                GomEpsSoftReset
 .text.GomEpsHardReset
                0x20013538       0xa8 C:/ISIS/workspace/Kiryta Ata/satellite-subsystems/demo/..//satellite-subsystems/lib\libSatelliteSubsystemsD.a(GomEPS.o)
                0x20013538                GomEpsHardReset
 .text.GomEpsGetHkData_param
                0x200135e0      0x29c C:/ISIS/workspace/Kiryta Ata/satellite-subsystems/demo/..//satellite-subsystems/lib\libSatelliteSubsystemsD.a(GomEPS.o)
                0x200135e0                GomEpsGetHkData_param
 .text.GomEpsGetHkData_general
                0x2001387c      0x45c C:/ISIS/workspace/Kiryta Ata/satellite-subsystems/demo/..//satellite-subsystems/lib\libSatelliteSubsystemsD.a(GomEPS.o)
                0x2001387c                GomEpsGetHkData_general
 .text.GomEpsGetHkData_vi
                0x20013cd8      0x188 C:/ISIS/workspace/Kiryta Ata/satellite-subsystems/demo/..//satellite-subsystems/lib\libSatelliteSubsystemsD.a(GomEPS.o)
                0x20013cd8                GomEpsGetHkData_vi
 .text.GomEpsGetHkData_out
                0x20013e60      0x21c C:/ISIS/workspace/Kiryta Ata/satellite-subsystems/demo/..//satellite-subsystems/lib\libSatelliteSubsystemsD.a(GomEPS.o)
                0x20013e60                GomEpsGetHkData_out
 .text.GomEpsGetHkData_wdt
                0x2001407c      0x2b4 C:/ISIS/workspace/Kiryta Ata/satellite-subsystems/demo/..//satellite-subsystems/lib\libSatelliteSubsystemsD.a(GomEPS.o)
                0x2001407c                GomEpsGetHkData_wdt
 .text.GomEpsGetHkData_basic
                0x20014330      0x22c C:/ISIS/workspace/Kiryta Ata/satellite-subsystems/demo/..//satellite-subsystems/lib\libSatelliteSubsystemsD.a(GomEPS.o)
                0x20014330                GomEpsGetHkData_basic
 .text.GomEpsSetSingleOutput
                0x2001455c       0xe4 C:/ISIS/workspace/Kiryta Ata/satellite-subsystems/demo/..//satellite-subsystems/lib\libSatelliteSubsystemsD.a(GomEPS.o)
                0x2001455c                GomEpsSetSingleOutput
 .text.makeAntStransfer
                0x20014640       0x4c C:/ISIS/workspace/Kiryta Ata/satellite-subsystems/demo/..//satellite-subsystems/lib\libSatelliteSubsystemsD.a(IsisAntS.o)
 .text.checkInputsValid
                0x2001468c       0x7c C:/ISIS/workspace/Kiryta Ata/satellite-subsystems/demo/..//satellite-subsystems/lib\libSatelliteSubsystemsD.a(IsisAntS.o)
 .text.IsisAntS_initialize
                0x20014708      0x26c C:/ISIS/workspace/Kiryta Ata/satellite-subsystems/demo/..//satellite-subsystems/lib\libSatelliteSubsystemsD.a(IsisAntS.o)
                0x20014708                IsisAntS_initialize
 .text.IsisAntS_setArmStatus
                0x20014974      0x104 C:/ISIS/workspace/Kiryta Ata/satellite-subsystems/demo/..//satellite-subsystems/lib\libSatelliteSubsystemsD.a(IsisAntS.o)
                0x20014974                IsisAntS_setArmStatus
 .text.IsisAntS_attemptDeployment
                0x20014a78      0x168 C:/ISIS/workspace/Kiryta Ata/satellite-subsystems/demo/..//satellite-subsystems/lib\libSatelliteSubsystemsD.a(IsisAntS.o)
                0x20014a78                IsisAntS_attemptDeployment
 .text.IsisAntS_getStatusData
                0x20014be0      0x120 C:/ISIS/workspace/Kiryta Ata/satellite-subsystems/demo/..//satellite-subsystems/lib\libSatelliteSubsystemsD.a(IsisAntS.o)
                0x20014be0                IsisAntS_getStatusData
 .text.IsisAntS_getTemperature
                0x20014d00      0x120 C:/ISIS/workspace/Kiryta Ata/satellite-subsystems/demo/..//satellite-subsystems/lib\libSatelliteSubsystemsD.a(IsisAntS.o)
                0x20014d00                IsisAntS_getTemperature
 .text.IsisAntS_getUptime
                0x20014e20      0x120 C:/ISIS/workspace/Kiryta Ata/satellite-subsystems/demo/..//satellite-subsystems/lib\libSatelliteSubsystemsD.a(IsisAntS.o)
                0x20014e20                IsisAntS_getUptime
 .text.IsisAntS_getAlltelemetry
                0x20014f40      0x120 C:/ISIS/workspace/Kiryta Ata/satellite-subsystems/demo/..//satellite-subsystems/lib\libSatelliteSubsystemsD.a(IsisAntS.o)
                0x20014f40                IsisAntS_getAlltelemetry
 .text.IsisAntS_reset
                0x20015060      0x104 C:/ISIS/workspace/Kiryta Ata/satellite-subsystems/demo/..//satellite-subsystems/lib\libSatelliteSubsystemsD.a(IsisAntS.o)
                0x20015060                IsisAntS_reset
 .text.IsisAntS_autoDeployment
                0x20015164      0x114 C:/ISIS/workspace/Kiryta Ata/satellite-subsystems/demo/..//satellite-subsystems/lib\libSatelliteSubsystemsD.a(IsisAntS.o)
                0x20015164                IsisAntS_autoDeployment
 .text.isisMTQv1_initialize
                0x20015278      0x18c C:/ISIS/workspace/Kiryta Ata/satellite-subsystems/demo/..//satellite-subsystems/lib\libSatelliteSubsystemsD.a(IsisMTQv1.o)
                0x20015278                isisMTQv1_initialize
 .text.make_isisMTQtransfer
                0x20015404       0x3c C:/ISIS/workspace/Kiryta Ata/satellite-subsystems/demo/..//satellite-subsystems/lib\libSatelliteSubsystemsD.a(IsisMTQv1.o)
 .text.IsisMTQv1GetTemperature
                0x20015440       0xac C:/ISIS/workspace/Kiryta Ata/satellite-subsystems/demo/..//satellite-subsystems/lib\libSatelliteSubsystemsD.a(IsisMTQv1.o)
                0x20015440                IsisMTQv1GetTemperature
 .text.IsisMTQv2_initialize
                0x200154ec      0x18c C:/ISIS/workspace/Kiryta Ata/satellite-subsystems/demo/..//satellite-subsystems/lib\libSatelliteSubsystemsD.a(IsisMTQv2.o)
                0x200154ec                IsisMTQv2_initialize
 .text._make_isisMTQtransfer
                0x20015678       0x3c C:/ISIS/workspace/Kiryta Ata/satellite-subsystems/demo/..//satellite-subsystems/lib\libSatelliteSubsystemsD.a(IsisMTQv2.o)
 .text.IsisMTQv2_softReset
                0x200156b4       0xc8 C:/ISIS/workspace/Kiryta Ata/satellite-subsystems/demo/..//satellite-subsystems/lib\libSatelliteSubsystemsD.a(IsisMTQv2.o)
                0x200156b4                IsisMTQv2_softReset
 .text.IsisMTQv2_noOperation
                0x2001577c       0xac C:/ISIS/workspace/Kiryta Ata/satellite-subsystems/demo/..//satellite-subsystems/lib\libSatelliteSubsystemsD.a(IsisMTQv2.o)
                0x2001577c                IsisMTQv2_noOperation
 .text.IsisMTQv2_cancelOperation
                0x20015828       0xac C:/ISIS/workspace/Kiryta Ata/satellite-subsystems/demo/..//satellite-subsystems/lib\libSatelliteSubsystemsD.a(IsisMTQv2.o)
                0x20015828                IsisMTQv2_cancelOperation
 .text.IsisMTQv2_startMTMMeasurement
                0x200158d4       0xac C:/ISIS/workspace/Kiryta Ata/satellite-subsystems/demo/..//satellite-subsystems/lib\libSatelliteSubsystemsD.a(IsisMTQv2.o)
                0x200158d4                IsisMTQv2_startMTMMeasurement
 .text.IsisMTQv2_startMTQActuationCurrent
                0x20015980       0xdc C:/ISIS/workspace/Kiryta Ata/satellite-subsystems/demo/..//satellite-subsystems/lib\libSatelliteSubsystemsD.a(IsisMTQv2.o)
                0x20015980                IsisMTQv2_startMTQActuationCurrent
 .text.IsisMTQv2_startMTQActuationDipole
                0x20015a5c       0xdc C:/ISIS/workspace/Kiryta Ata/satellite-subsystems/demo/..//satellite-subsystems/lib\libSatelliteSubsystemsD.a(IsisMTQv2.o)
                0x20015a5c                IsisMTQv2_startMTQActuationDipole
 .text.IsisMTQv2_startMTQActuationPWM
                0x20015b38       0xdc C:/ISIS/workspace/Kiryta Ata/satellite-subsystems/demo/..//satellite-subsystems/lib\libSatelliteSubsystemsD.a(IsisMTQv2.o)
                0x20015b38                IsisMTQv2_startMTQActuationPWM
 .text.IsisMTQv2_startSelfTest
                0x20015c14       0xbc C:/ISIS/workspace/Kiryta Ata/satellite-subsystems/demo/..//satellite-subsystems/lib\libSatelliteSubsystemsD.a(IsisMTQv2.o)
                0x20015c14                IsisMTQv2_startSelfTest
 .text.IsisMTQv2_startDetumble
                0x20015cd0       0xd4 C:/ISIS/workspace/Kiryta Ata/satellite-subsystems/demo/..//satellite-subsystems/lib\libSatelliteSubsystemsD.a(IsisMTQv2.o)
                0x20015cd0                IsisMTQv2_startDetumble
 .text.IsisMTQv2_getSystemState
                0x20015da4      0x118 C:/ISIS/workspace/Kiryta Ata/satellite-subsystems/demo/..//satellite-subsystems/lib\libSatelliteSubsystemsD.a(IsisMTQv2.o)
                0x20015da4                IsisMTQv2_getSystemState
 .text.IsisMTQv2_getRawMTMData
                0x20015ebc      0x130 C:/ISIS/workspace/Kiryta Ata/satellite-subsystems/demo/..//satellite-subsystems/lib\libSatelliteSubsystemsD.a(IsisMTQv2.o)
                0x20015ebc                IsisMTQv2_getRawMTMData
 .text.IsisMTQv2_getCalMTMData
                0x20015fec      0x130 C:/ISIS/workspace/Kiryta Ata/satellite-subsystems/demo/..//satellite-subsystems/lib\libSatelliteSubsystemsD.a(IsisMTQv2.o)
                0x20015fec                IsisMTQv2_getCalMTMData
 .text.IsisMTQv2_getCoilCurrent
                0x2001611c      0x100 C:/ISIS/workspace/Kiryta Ata/satellite-subsystems/demo/..//satellite-subsystems/lib\libSatelliteSubsystemsD.a(IsisMTQv2.o)
                0x2001611c                IsisMTQv2_getCoilCurrent
 .text.IsisMTQv2_getCoilTemperature
                0x2001621c      0x100 C:/ISIS/workspace/Kiryta Ata/satellite-subsystems/demo/..//satellite-subsystems/lib\libSatelliteSubsystemsD.a(IsisMTQv2.o)
                0x2001621c                IsisMTQv2_getCoilTemperature
 .text.IsisMTQv2_getCmdActuationDipole
                0x2001631c      0x100 C:/ISIS/workspace/Kiryta Ata/satellite-subsystems/demo/..//satellite-subsystems/lib\libSatelliteSubsystemsD.a(IsisMTQv2.o)
                0x2001631c                IsisMTQv2_getCmdActuationDipole
 .text.IsisMTQv2_getSelftestDataSingleAxis
                0x2001641c      0x17c C:/ISIS/workspace/Kiryta Ata/satellite-subsystems/demo/..//satellite-subsystems/lib\libSatelliteSubsystemsD.a(IsisMTQv2.o)
                0x2001641c                IsisMTQv2_getSelftestDataSingleAxis
 .text.IsisMTQv2_getSelftestDataAllAxis
                0x20016598      0x2cc C:/ISIS/workspace/Kiryta Ata/satellite-subsystems/demo/..//satellite-subsystems/lib\libSatelliteSubsystemsD.a(IsisMTQv2.o)
                0x20016598                IsisMTQv2_getSelftestDataAllAxis
 .text.IsisMTQv2_getDetumbleData
                0x20016864      0x108 C:/ISIS/workspace/Kiryta Ata/satellite-subsystems/demo/..//satellite-subsystems/lib\libSatelliteSubsystemsD.a(IsisMTQv2.o)
                0x20016864                IsisMTQv2_getDetumbleData
 .text.IsisMTQv2_getRawHKData
                0x2001696c      0x13c C:/ISIS/workspace/Kiryta Ata/satellite-subsystems/demo/..//satellite-subsystems/lib\libSatelliteSubsystemsD.a(IsisMTQv2.o)
                0x2001696c                IsisMTQv2_getRawHKData
 .text.IsisMTQv2_getEngHKData
                0x20016aa8      0x13c C:/ISIS/workspace/Kiryta Ata/satellite-subsystems/demo/..//satellite-subsystems/lib\libSatelliteSubsystemsD.a(IsisMTQv2.o)
                0x20016aa8                IsisMTQv2_getEngHKData
 .text.IsisMTQv2_getParSize
                0x20016be4      0x11c C:/ISIS/workspace/Kiryta Ata/satellite-subsystems/demo/..//satellite-subsystems/lib\libSatelliteSubsystemsD.a(IsisMTQv2.o)
                0x20016be4                IsisMTQv2_getParSize
 .text.IsisMTQv2_getParameter
                0x20016d00      0x238 C:/ISIS/workspace/Kiryta Ata/satellite-subsystems/demo/..//satellite-subsystems/lib\libSatelliteSubsystemsD.a(IsisMTQv2.o)
                0x20016d00                IsisMTQv2_getParameter
 .text.IsisMTQv2_setParameter
                0x20016f38      0x264 C:/ISIS/workspace/Kiryta Ata/satellite-subsystems/demo/..//satellite-subsystems/lib\libSatelliteSubsystemsD.a(IsisMTQv2.o)
                0x20016f38                IsisMTQv2_setParameter
 .text.IsisMTQv2_resetParameter
                0x2001719c      0x238 C:/ISIS/workspace/Kiryta Ata/satellite-subsystems/demo/..//satellite-subsystems/lib\libSatelliteSubsystemsD.a(IsisMTQv2.o)
                0x2001719c                IsisMTQv2_resetParameter
 .text.IsisSolarPanel_getTemperature
                0x200173d4       0xbc C:/ISIS/workspace/Kiryta Ata/satellite-subsystems/demo/..//satellite-subsystems/lib\libSatelliteSubsystemsD.a(IsisSolarPanel.o)
                0x200173d4                IsisSolarPanel_getTemperature
 .text.IsisSolarPanelv2_initialize
                0x20017490       0xb4 C:/ISIS/workspace/Kiryta Ata/satellite-subsystems/demo/..//satellite-subsystems/lib\libSatelliteSubsystemsD.a(IsisSolarPanelv2.o)
                0x20017490                IsisSolarPanelv2_initialize
 .text.IsisSolarPanelv2_getTemperature
                0x20017544       0xc8 C:/ISIS/workspace/Kiryta Ata/satellite-subsystems/demo/..//satellite-subsystems/lib\libSatelliteSubsystemsD.a(IsisSolarPanelv2.o)
                0x20017544                IsisSolarPanelv2_getTemperature
 .text.IsisSolarPanelv2_sleep
                0x2001760c       0xbc C:/ISIS/workspace/Kiryta Ata/satellite-subsystems/demo/..//satellite-subsystems/lib\libSatelliteSubsystemsD.a(IsisSolarPanelv2.o)
                0x2001760c                IsisSolarPanelv2_sleep
 .text.IsisSolarPanelv2_wakeup
                0x200176c8       0x80 C:/ISIS/workspace/Kiryta Ata/satellite-subsystems/demo/..//satellite-subsystems/lib\libSatelliteSubsystemsD.a(IsisSolarPanelv2.o)
                0x200176c8                IsisSolarPanelv2_wakeup
 .text._Reset   0x20017748       0x20 C:/ISIS/workspace/Kiryta Ata/satellite-subsystems/demo/..//satellite-subsystems/lib\libSatelliteSubsystemsD.a(IsisSolarPanelv2.o)
 .text._WaitForStartup
                0x20017768       0x90 C:/ISIS/workspace/Kiryta Ata/satellite-subsystems/demo/..//satellite-subsystems/lib\libSatelliteSubsystemsD.a(IsisSolarPanelv2.o)
 .text._AssignAllChannels
                0x200177f8       0x90 C:/ISIS/workspace/Kiryta Ata/satellite-subsystems/demo/..//satellite-subsystems/lib\libSatelliteSubsystemsD.a(IsisSolarPanelv2.o)
 .text._AssignThisChannel
                0x20017888       0xe8 C:/ISIS/workspace/Kiryta Ata/satellite-subsystems/demo/..//satellite-subsystems/lib\libSatelliteSubsystemsD.a(IsisSolarPanelv2.o)
 .text._InitiateConversion
                0x20017970       0xac C:/ISIS/workspace/Kiryta Ata/satellite-subsystems/demo/..//satellite-subsystems/lib\libSatelliteSubsystemsD.a(IsisSolarPanelv2.o)
 .text._WaitForConversionComplete
                0x20017a1c      0x100 C:/ISIS/workspace/Kiryta Ata/satellite-subsystems/demo/..//satellite-subsystems/lib\libSatelliteSubsystemsD.a(IsisSolarPanelv2.o)
 .text._ReadResult
                0x20017b1c      0x158 C:/ISIS/workspace/Kiryta Ata/satellite-subsystems/demo/..//satellite-subsystems/lib\libSatelliteSubsystemsD.a(IsisSolarPanelv2.o)
 .text._ExtractByte
                0x20017c74       0x38 C:/ISIS/workspace/Kiryta Ata/satellite-subsystems/demo/..//satellite-subsystems/lib\libSatelliteSubsystemsD.a(IsisSolarPanelv2.o)
 .text._ExtendSign
                0x20017cac       0x6c C:/ISIS/workspace/Kiryta Ata/satellite-subsystems/demo/..//satellite-subsystems/lib\libSatelliteSubsystemsD.a(IsisSolarPanelv2.o)
 .text._PinsInit
                0x20017d18       0x50 C:/ISIS/workspace/Kiryta Ata/satellite-subsystems/demo/..//satellite-subsystems/lib\libSatelliteSubsystemsD.a(IsisSolarPanelv2.o)
 .text._SpiWriteRead
                0x20017d68       0x70 C:/ISIS/workspace/Kiryta Ata/satellite-subsystems/demo/..//satellite-subsystems/lib\libSatelliteSubsystemsD.a(IsisSolarPanelv2.o)
 .text.IsisTrxuv_initialize
                0x20017dd8      0x32c C:/ISIS/workspace/Kiryta Ata/satellite-subsystems/demo/..//satellite-subsystems/lib\libSatelliteSubsystemsD.a(IsisTRXUV.o)
                0x20017dd8                IsisTrxuv_initialize
 .text.makeTRXUVtransfer
                0x20018104       0x44 C:/ISIS/workspace/Kiryta Ata/satellite-subsystems/demo/..//satellite-subsystems/lib\libSatelliteSubsystemsD.a(IsisTRXUV.o)
 .text.IsisTrxuv_componentReset
                0x20018148       0x6c C:/ISIS/workspace/Kiryta Ata/satellite-subsystems/demo/..//satellite-subsystems/lib\libSatelliteSubsystemsD.a(IsisTRXUV.o)
                0x20018148                IsisTrxuv_componentReset
 .text.IsisTrxuv_reset
                0x200181b4       0x74 C:/ISIS/workspace/Kiryta Ata/satellite-subsystems/demo/..//satellite-subsystems/lib\libSatelliteSubsystemsD.a(IsisTRXUV.o)
                0x200181b4                IsisTrxuv_reset
 .text.IsisTrxuv_itcSendAX25DefClSign
                0x20018228       0xec C:/ISIS/workspace/Kiryta Ata/satellite-subsystems/demo/..//satellite-subsystems/lib\libSatelliteSubsystemsD.a(IsisTRXUV.o)
                0x20018228                IsisTrxuv_itcSendAX25DefClSign
 .text.IsisTrxuv_itcSendCwMessage
                0x20018314      0x190 C:/ISIS/workspace/Kiryta Ata/satellite-subsystems/demo/..//satellite-subsystems/lib\libSatelliteSubsystemsD.a(IsisTRXUV.o)
                0x20018314                IsisTrxuv_itcSendCwMessage
 .text.IsisTrxuv_itcSetIdlestate
                0x200184a4       0xa4 C:/ISIS/workspace/Kiryta Ata/satellite-subsystems/demo/..//satellite-subsystems/lib\libSatelliteSubsystemsD.a(IsisTRXUV.o)
                0x200184a4                IsisTrxuv_itcSetIdlestate
 .text.IsisTrxuv_itcSetAx25Bitrate
                0x20018548       0xa4 C:/ISIS/workspace/Kiryta Ata/satellite-subsystems/demo/..//satellite-subsystems/lib\libSatelliteSubsystemsD.a(IsisTRXUV.o)
                0x20018548                IsisTrxuv_itcSetAx25Bitrate
 .text.IsisTrxuv_imcGetFrameCount
                0x200185ec       0xa0 C:/ISIS/workspace/Kiryta Ata/satellite-subsystems/demo/..//satellite-subsystems/lib\libSatelliteSubsystemsD.a(IsisTRXUV.o)
                0x200185ec                IsisTrxuv_imcGetFrameCount
 .text.IsisTrxuv_imcGetCommandFrame
                0x2001868c      0x294 C:/ISIS/workspace/Kiryta Ata/satellite-subsystems/demo/..//satellite-subsystems/lib\libSatelliteSubsystemsD.a(IsisTRXUV.o)
                0x2001868c                IsisTrxuv_imcGetCommandFrame
 .text.IsisTrxuv_imcGetTelemetryAll
                0x20018920       0xf8 C:/ISIS/workspace/Kiryta Ata/satellite-subsystems/demo/..//satellite-subsystems/lib\libSatelliteSubsystemsD.a(IsisTRXUV.o)
                0x20018920                IsisTrxuv_imcGetTelemetryAll
 .text.IsisTrxvu_initialize
                0x20018a18      0x2f4 C:/ISIS/workspace/Kiryta Ata/satellite-subsystems/demo/..//satellite-subsystems/lib\libSatelliteSubsystemsD.a(IsisTRXVU.o)
                0x20018a18                IsisTrxvu_initialize
 .text.makeTRXVUtransfer
                0x20018d0c       0x44 C:/ISIS/workspace/Kiryta Ata/satellite-subsystems/demo/..//satellite-subsystems/lib\libSatelliteSubsystemsD.a(IsisTRXVU.o)
 .text.IsisTrxvu_componentSoftReset
                0x20018d50       0x6c C:/ISIS/workspace/Kiryta Ata/satellite-subsystems/demo/..//satellite-subsystems/lib\libSatelliteSubsystemsD.a(IsisTRXVU.o)
                0x20018d50                IsisTrxvu_componentSoftReset
 .text.IsisTrxvu_componentHardReset
                0x20018dbc       0xc8 C:/ISIS/workspace/Kiryta Ata/satellite-subsystems/demo/..//satellite-subsystems/lib\libSatelliteSubsystemsD.a(IsisTRXVU.o)
                0x20018dbc                IsisTrxvu_componentHardReset
 .text.IsisTrxvu_tcSendAX25DefClSign
                0x20018e84       0xec C:/ISIS/workspace/Kiryta Ata/satellite-subsystems/demo/..//satellite-subsystems/lib\libSatelliteSubsystemsD.a(IsisTRXVU.o)
                0x20018e84                IsisTrxvu_tcSendAX25DefClSign
 .text.IsisTrxvu_tcSetIdlestate
                0x20018f70       0xa4 C:/ISIS/workspace/Kiryta Ata/satellite-subsystems/demo/..//satellite-subsystems/lib\libSatelliteSubsystemsD.a(IsisTRXVU.o)
                0x20018f70                IsisTrxvu_tcSetIdlestate
 .text.IsisTrxvu_tcSetAx25Bitrate
                0x20019014       0xc4 C:/ISIS/workspace/Kiryta Ata/satellite-subsystems/demo/..//satellite-subsystems/lib\libSatelliteSubsystemsD.a(IsisTRXVU.o)
                0x20019014                IsisTrxvu_tcSetAx25Bitrate
 .text.IsisTrxvu_tcGetUptime
                0x200190d8       0xa0 C:/ISIS/workspace/Kiryta Ata/satellite-subsystems/demo/..//satellite-subsystems/lib\libSatelliteSubsystemsD.a(IsisTRXVU.o)
                0x200190d8                IsisTrxvu_tcGetUptime
 .text.IsisTrxvu_tcGetTelemetryAll
                0x20019178       0xd0 C:/ISIS/workspace/Kiryta Ata/satellite-subsystems/demo/..//satellite-subsystems/lib\libSatelliteSubsystemsD.a(IsisTRXVU.o)
                0x20019178                IsisTrxvu_tcGetTelemetryAll
 .text.IsisTrxvu_tcGetTelemetryAll_revC
                0x20019248       0xd0 C:/ISIS/workspace/Kiryta Ata/satellite-subsystems/demo/..//satellite-subsystems/lib\libSatelliteSubsystemsD.a(IsisTRXVU.o)
                0x20019248                IsisTrxvu_tcGetTelemetryAll_revC
 .text.IsisTrxvu_rcGetFrameCount
                0x20019318       0xa0 C:/ISIS/workspace/Kiryta Ata/satellite-subsystems/demo/..//satellite-subsystems/lib\libSatelliteSubsystemsD.a(IsisTRXVU.o)
                0x20019318                IsisTrxvu_rcGetFrameCount
 .text.IsisTrxvu_rcGetCommandFrame
                0x200193b8      0x2d8 C:/ISIS/workspace/Kiryta Ata/satellite-subsystems/demo/..//satellite-subsystems/lib\libSatelliteSubsystemsD.a(IsisTRXVU.o)
                0x200193b8                IsisTrxvu_rcGetCommandFrame
 .text.IsisTrxvu_rcGetTelemetryAll
                0x20019690       0xd0 C:/ISIS/workspace/Kiryta Ata/satellite-subsystems/demo/..//satellite-subsystems/lib\libSatelliteSubsystemsD.a(IsisTRXVU.o)
                0x20019690                IsisTrxvu_rcGetTelemetryAll
 .text.IsisTrxvu_rcGetTelemetryAll_revC
                0x20019760       0xec C:/ISIS/workspace/Kiryta Ata/satellite-subsystems/demo/..//satellite-subsystems/lib\libSatelliteSubsystemsD.a(IsisTRXVU.o)
                0x20019760                IsisTrxvu_rcGetTelemetryAll_revC
 .text.IsisTxsInitialize
                0x2001984c      0x15c C:/ISIS/workspace/Kiryta Ata/satellite-subsystems/demo/..//satellite-subsystems/lib\libSatelliteSubsystemsD.a(IsisTxS.o)
                0x2001984c                IsisTxsInitialize
 .text.makeTxStransfer
                0x200199a8       0x3c C:/ISIS/workspace/Kiryta Ata/satellite-subsystems/demo/..//satellite-subsystems/lib\libSatelliteSubsystemsD.a(IsisTxS.o)
 .text.IsisTxsSetModulatorAttenuator
                0x200199e4       0xd8 C:/ISIS/workspace/Kiryta Ata/satellite-subsystems/demo/..//satellite-subsystems/lib\libSatelliteSubsystemsD.a(IsisTxS.o)
                0x200199e4                IsisTxsSetModulatorAttenuator
 .text.IsisTxsSetAx25Bitrate
                0x20019abc       0xe4 C:/ISIS/workspace/Kiryta Ata/satellite-subsystems/demo/..//satellite-subsystems/lib\libSatelliteSubsystemsD.a(IsisTxS.o)
                0x20019abc                IsisTxsSetAx25Bitrate
 .text.IsisTxsSetState
                0x20019ba0       0xd8 C:/ISIS/workspace/Kiryta Ata/satellite-subsystems/demo/..//satellite-subsystems/lib\libSatelliteSubsystemsD.a(IsisTxS.o)
                0x20019ba0                IsisTxsSetState
 .text.IsisTxsReset
                0x20019c78       0xb4 C:/ISIS/workspace/Kiryta Ata/satellite-subsystems/demo/..//satellite-subsystems/lib\libSatelliteSubsystemsD.a(IsisTxS.o)
                0x20019c78                IsisTxsReset
 .text.IsisTxsSendAX25DefClSign
                0x20019d2c      0x1a4 C:/ISIS/workspace/Kiryta Ata/satellite-subsystems/demo/..//satellite-subsystems/lib\libSatelliteSubsystemsD.a(IsisTxS.o)
                0x20019d2c                IsisTxsSendAX25DefClSign
 .text.IsisTxsGetHousekeepingData
                0x20019ed0       0xcc C:/ISIS/workspace/Kiryta Ata/satellite-subsystems/demo/..//satellite-subsystems/lib\libSatelliteSubsystemsD.a(IsisTxS.o)
                0x20019ed0                IsisTxsGetHousekeepingData
 .text.cspaceADCS_initialize
                0x20019f9c      0x18c C:/ISIS/workspace/Kiryta Ata/satellite-subsystems/demo/..//satellite-subsystems/lib\libSatelliteSubsystemsD.a(cspaceADCS.o)
                0x20019f9c                cspaceADCS_initialize
 .text.make_cspaceADCStransfer
                0x2001a128      0x1b4 C:/ISIS/workspace/Kiryta Ata/satellite-subsystems/demo/..//satellite-subsystems/lib\libSatelliteSubsystemsD.a(cspaceADCS.o)
 .text.cspaceADCS_componentReset
                0x2001a2dc       0xbc C:/ISIS/workspace/Kiryta Ata/satellite-subsystems/demo/..//satellite-subsystems/lib\libSatelliteSubsystemsD.a(cspaceADCS.o)
                0x2001a2dc                cspaceADCS_componentReset
 .text.cspaceADCS_setCurrentTime
                0x2001a398       0xd0 C:/ISIS/workspace/Kiryta Ata/satellite-subsystems/demo/..//satellite-subsystems/lib\libSatelliteSubsystemsD.a(cspaceADCS.o)
                0x2001a398                cspaceADCS_setCurrentTime
 .text.cspaceADCS_setRunMode
                0x2001a468       0xbc C:/ISIS/workspace/Kiryta Ata/satellite-subsystems/demo/..//satellite-subsystems/lib\libSatelliteSubsystemsD.a(cspaceADCS.o)
                0x2001a468                cspaceADCS_setRunMode
 .text.cspaceADCS_setPwrCtrlDevice
                0x2001a524       0xd0 C:/ISIS/workspace/Kiryta Ata/satellite-subsystems/demo/..//satellite-subsystems/lib\libSatelliteSubsystemsD.a(cspaceADCS.o)
                0x2001a524                cspaceADCS_setPwrCtrlDevice
 .text.cspaceADCS_setMagOutput
                0x2001a5f4       0xd0 C:/ISIS/workspace/Kiryta Ata/satellite-subsystems/demo/..//satellite-subsystems/lib\libSatelliteSubsystemsD.a(cspaceADCS.o)
                0x2001a5f4                cspaceADCS_setMagOutput
 .text.cspaceADCS_setWheelSpeed
                0x2001a6c4       0xd0 C:/ISIS/workspace/Kiryta Ata/satellite-subsystems/demo/..//satellite-subsystems/lib\libSatelliteSubsystemsD.a(cspaceADCS.o)
                0x2001a6c4                cspaceADCS_setWheelSpeed
 .text.cspaceADCS_getGeneralInfo
                0x2001a794       0xc4 C:/ISIS/workspace/Kiryta Ata/satellite-subsystems/demo/..//satellite-subsystems/lib\libSatelliteSubsystemsD.a(cspaceADCS.o)
                0x2001a794                cspaceADCS_getGeneralInfo
 .text.cspaceADCS_getCurrentTime
                0x2001a858       0xc4 C:/ISIS/workspace/Kiryta Ata/satellite-subsystems/demo/..//satellite-subsystems/lib\libSatelliteSubsystemsD.a(cspaceADCS.o)
                0x2001a858                cspaceADCS_getCurrentTime
 .text.cspaceADCS_getCommStatus
                0x2001a91c       0xc4 C:/ISIS/workspace/Kiryta Ata/satellite-subsystems/demo/..//satellite-subsystems/lib\libSatelliteSubsystemsD.a(cspaceADCS.o)
                0x2001a91c                cspaceADCS_getCommStatus
 .text.cspaceADCS_getCurrentState
                0x2001a9e0       0xc4 C:/ISIS/workspace/Kiryta Ata/satellite-subsystems/demo/..//satellite-subsystems/lib\libSatelliteSubsystemsD.a(cspaceADCS.o)
                0x2001a9e0                cspaceADCS_getCurrentState
 .text.cspaceADCS_getMagneticFieldVec
                0x2001aaa4       0xc4 C:/ISIS/workspace/Kiryta Ata/satellite-subsystems/demo/..//satellite-subsystems/lib\libSatelliteSubsystemsD.a(cspaceADCS.o)
                0x2001aaa4                cspaceADCS_getMagneticFieldVec
 .text.cspaceADCS_getCoarseSunVec
                0x2001ab68       0xc4 C:/ISIS/workspace/Kiryta Ata/satellite-subsystems/demo/..//satellite-subsystems/lib\libSatelliteSubsystemsD.a(cspaceADCS.o)
                0x2001ab68                cspaceADCS_getCoarseSunVec
 .text.cspaceADCS_getFineSunVec
                0x2001ac2c       0xc4 C:/ISIS/workspace/Kiryta Ata/satellite-subsystems/demo/..//satellite-subsystems/lib\libSatelliteSubsystemsD.a(cspaceADCS.o)
                0x2001ac2c                cspaceADCS_getFineSunVec
 .text.cspaceADCS_getNadirVector
                0x2001acf0       0xc4 C:/ISIS/workspace/Kiryta Ata/satellite-subsystems/demo/..//satellite-subsystems/lib\libSatelliteSubsystemsD.a(cspaceADCS.o)
                0x2001acf0                cspaceADCS_getNadirVector
 .text.cspaceADCS_getSensorRates
                0x2001adb4       0xc4 C:/ISIS/workspace/Kiryta Ata/satellite-subsystems/demo/..//satellite-subsystems/lib\libSatelliteSubsystemsD.a(cspaceADCS.o)
                0x2001adb4                cspaceADCS_getSensorRates
 .text.cspaceADCS_getWheelSpeed
                0x2001ae78       0xc4 C:/ISIS/workspace/Kiryta Ata/satellite-subsystems/demo/..//satellite-subsystems/lib\libSatelliteSubsystemsD.a(cspaceADCS.o)
                0x2001ae78                cspaceADCS_getWheelSpeed
 .text.cspaceADCS_getMagnetorquerCmd
                0x2001af3c       0xc4 C:/ISIS/workspace/Kiryta Ata/satellite-subsystems/demo/..//satellite-subsystems/lib\libSatelliteSubsystemsD.a(cspaceADCS.o)
                0x2001af3c                cspaceADCS_getMagnetorquerCmd
 .text.cspaceADCS_getWheelSpeedCmd
                0x2001b000       0xc4 C:/ISIS/workspace/Kiryta Ata/satellite-subsystems/demo/..//satellite-subsystems/lib\libSatelliteSubsystemsD.a(cspaceADCS.o)
                0x2001b000                cspaceADCS_getWheelSpeedCmd
 .text.cspaceADCS_getRawCam2Sensor
                0x2001b0c4       0xc4 C:/ISIS/workspace/Kiryta Ata/satellite-subsystems/demo/..//satellite-subsystems/lib\libSatelliteSubsystemsD.a(cspaceADCS.o)
                0x2001b0c4                cspaceADCS_getRawCam2Sensor
 .text.cspaceADCS_getRawCam1Sensor
                0x2001b188       0xc4 C:/ISIS/workspace/Kiryta Ata/satellite-subsystems/demo/..//satellite-subsystems/lib\libSatelliteSubsystemsD.a(cspaceADCS.o)
                0x2001b188                cspaceADCS_getRawCam1Sensor
 .text.cspaceADCS_getRawCss1_6Measurements
                0x2001b24c       0xc4 C:/ISIS/workspace/Kiryta Ata/satellite-subsystems/demo/..//satellite-subsystems/lib\libSatelliteSubsystemsD.a(cspaceADCS.o)
                0x2001b24c                cspaceADCS_getRawCss1_6Measurements
 .text.cspaceADCS_getRawCss7_10Measurements
                0x2001b310       0xc4 C:/ISIS/workspace/Kiryta Ata/satellite-subsystems/demo/..//satellite-subsystems/lib\libSatelliteSubsystemsD.a(cspaceADCS.o)
                0x2001b310                cspaceADCS_getRawCss7_10Measurements
 .text.cspaceADCS_getRawMagnetometerMeas
                0x2001b3d4       0xc4 C:/ISIS/workspace/Kiryta Ata/satellite-subsystems/demo/..//satellite-subsystems/lib\libSatelliteSubsystemsD.a(cspaceADCS.o)
                0x2001b3d4                cspaceADCS_getRawMagnetometerMeas
 .text.cspaceADCS_getCSenseCurrentMeasurements
                0x2001b498       0xc4 C:/ISIS/workspace/Kiryta Ata/satellite-subsystems/demo/..//satellite-subsystems/lib\libSatelliteSubsystemsD.a(cspaceADCS.o)
                0x2001b498                cspaceADCS_getCSenseCurrentMeasurements
 .text.cspaceADCS_getCControlCurrentMeasurements
                0x2001b55c       0xc4 C:/ISIS/workspace/Kiryta Ata/satellite-subsystems/demo/..//satellite-subsystems/lib\libSatelliteSubsystemsD.a(cspaceADCS.o)
                0x2001b55c                cspaceADCS_getCControlCurrentMeasurements
 .text.cspaceADCS_getWheelCurrentsTlm
                0x2001b620       0xc4 C:/ISIS/workspace/Kiryta Ata/satellite-subsystems/demo/..//satellite-subsystems/lib\libSatelliteSubsystemsD.a(cspaceADCS.o)
                0x2001b620                cspaceADCS_getWheelCurrentsTlm
 .text.cspaceADCS_getADCSTemperatureTlm
                0x2001b6e4       0xc4 C:/ISIS/workspace/Kiryta Ata/satellite-subsystems/demo/..//satellite-subsystems/lib\libSatelliteSubsystemsD.a(cspaceADCS.o)
                0x2001b6e4                cspaceADCS_getADCSTemperatureTlm
 .text.cspaceADCS_getRateSensorTempTlm
                0x2001b7a8       0xc4 C:/ISIS/workspace/Kiryta Ata/satellite-subsystems/demo/..//satellite-subsystems/lib\libSatelliteSubsystemsD.a(cspaceADCS.o)
                0x2001b7a8                cspaceADCS_getRateSensorTempTlm
 .text.cspaceADCS_getRawGpsStatus
                0x2001b86c       0xc4 C:/ISIS/workspace/Kiryta Ata/satellite-subsystems/demo/..//satellite-subsystems/lib\libSatelliteSubsystemsD.a(cspaceADCS.o)
                0x2001b86c                cspaceADCS_getRawGpsStatus
 .text.cspaceADCS_getRawGpsTime
                0x2001b930       0xc4 C:/ISIS/workspace/Kiryta Ata/satellite-subsystems/demo/..//satellite-subsystems/lib\libSatelliteSubsystemsD.a(cspaceADCS.o)
                0x2001b930                cspaceADCS_getRawGpsTime
 .text.cspaceADCS_getRawGpsX
                0x2001b9f4       0xc4 C:/ISIS/workspace/Kiryta Ata/satellite-subsystems/demo/..//satellite-subsystems/lib\libSatelliteSubsystemsD.a(cspaceADCS.o)
                0x2001b9f4                cspaceADCS_getRawGpsX
 .text.cspaceADCS_getRawGpsY
                0x2001bab8       0xc4 C:/ISIS/workspace/Kiryta Ata/satellite-subsystems/demo/..//satellite-subsystems/lib\libSatelliteSubsystemsD.a(cspaceADCS.o)
                0x2001bab8                cspaceADCS_getRawGpsY
 .text.cspaceADCS_getRawGpsZ
                0x2001bb7c       0xc4 C:/ISIS/workspace/Kiryta Ata/satellite-subsystems/demo/..//satellite-subsystems/lib\libSatelliteSubsystemsD.a(cspaceADCS.o)
                0x2001bb7c                cspaceADCS_getRawGpsZ
 .text.cspaceADCS_getStateTlm
                0x2001bc40       0xc4 C:/ISIS/workspace/Kiryta Ata/satellite-subsystems/demo/..//satellite-subsystems/lib\libSatelliteSubsystemsD.a(cspaceADCS.o)
                0x2001bc40                cspaceADCS_getStateTlm
 .text.cspaceADCS_getActuatorsCmds
                0x2001bd04       0xc4 C:/ISIS/workspace/Kiryta Ata/satellite-subsystems/demo/..//satellite-subsystems/lib\libSatelliteSubsystemsD.a(cspaceADCS.o)
                0x2001bd04                cspaceADCS_getActuatorsCmds
 .text.cspaceADCS_getPowTempMeasTLM
                0x2001bdc8       0xc4 C:/ISIS/workspace/Kiryta Ata/satellite-subsystems/demo/..//satellite-subsystems/lib\libSatelliteSubsystemsD.a(cspaceADCS.o)
                0x2001bdc8                cspaceADCS_getPowTempMeasTLM
 .text.cspaceADCS_getPwrCtrlDevice
                0x2001be8c       0xc4 C:/ISIS/workspace/Kiryta Ata/satellite-subsystems/demo/..//satellite-subsystems/lib\libSatelliteSubsystemsD.a(cspaceADCS.o)
                0x2001be8c                cspaceADCS_getPwrCtrlDevice
 .text.cspaceADCS_getADCSRawGPSMeas
                0x2001bf50       0xc4 C:/ISIS/workspace/Kiryta Ata/satellite-subsystems/demo/..//satellite-subsystems/lib\libSatelliteSubsystemsD.a(cspaceADCS.o)
                0x2001bf50                cspaceADCS_getADCSRawGPSMeas
 .text.ISIS_EPS_Init
                0x2001c014       0xc8 C:/ISIS/workspace/Kiryta Ata/satellite-subsystems/demo/..//satellite-subsystems/lib\libSatelliteSubsystemsD.a(isis_eps_driver.o)
                0x2001c014                ISIS_EPS_Init
 .text.isis_eps__reset__tmtc
                0x2001c0dc       0xe8 C:/ISIS/workspace/Kiryta Ata/satellite-subsystems/demo/..//satellite-subsystems/lib\libSatelliteSubsystemsD.a(isis_eps_driver.o)
                0x2001c0dc                isis_eps__reset__tmtc
 .text.isis_eps__cancel__tm
                0x2001c1c4       0xac C:/ISIS/workspace/Kiryta Ata/satellite-subsystems/demo/..//satellite-subsystems/lib\libSatelliteSubsystemsD.a(isis_eps_driver.o)
                0x2001c1c4                isis_eps__cancel__tm
 .text.isis_eps__watchdog__tm
                0x2001c270       0xac C:/ISIS/workspace/Kiryta Ata/satellite-subsystems/demo/..//satellite-subsystems/lib\libSatelliteSubsystemsD.a(isis_eps_driver.o)
                0x2001c270                isis_eps__watchdog__tm
 .text.isis_eps__outputbuschannelon__tmtc
                0x2001c31c       0xe8 C:/ISIS/workspace/Kiryta Ata/satellite-subsystems/demo/..//satellite-subsystems/lib\libSatelliteSubsystemsD.a(isis_eps_driver.o)
                0x2001c31c                isis_eps__outputbuschannelon__tmtc
 .text.isis_eps__outputbuschanneloff__tmtc
                0x2001c404       0xe8 C:/ISIS/workspace/Kiryta Ata/satellite-subsystems/demo/..//satellite-subsystems/lib\libSatelliteSubsystemsD.a(isis_eps_driver.o)
                0x2001c404                isis_eps__outputbuschanneloff__tmtc
 .text.isis_eps__switchtonominal__tm
                0x2001c4ec       0xac C:/ISIS/workspace/Kiryta Ata/satellite-subsystems/demo/..//satellite-subsystems/lib\libSatelliteSubsystemsD.a(isis_eps_driver.o)
                0x2001c4ec                isis_eps__switchtonominal__tm
 .text.isis_eps__switchtosafety__tm
                0x2001c598       0xac C:/ISIS/workspace/Kiryta Ata/satellite-subsystems/demo/..//satellite-subsystems/lib\libSatelliteSubsystemsD.a(isis_eps_driver.o)
                0x2001c598                isis_eps__switchtosafety__tm
 .text.isis_eps__getsystemstatus__tm
                0x2001c644       0xac C:/ISIS/workspace/Kiryta Ata/satellite-subsystems/demo/..//satellite-subsystems/lib\libSatelliteSubsystemsD.a(isis_eps_driver.o)
                0x2001c644                isis_eps__getsystemstatus__tm
 .text.isis_eps__gethousekeepingraw__tm
                0x2001c6f0       0xac C:/ISIS/workspace/Kiryta Ata/satellite-subsystems/demo/..//satellite-subsystems/lib\libSatelliteSubsystemsD.a(isis_eps_driver.o)
                0x2001c6f0                isis_eps__gethousekeepingraw__tm
 .text.isis_eps__gethousekeepingeng__tm
                0x2001c79c       0xac C:/ISIS/workspace/Kiryta Ata/satellite-subsystems/demo/..//satellite-subsystems/lib\libSatelliteSubsystemsD.a(isis_eps_driver.o)
                0x2001c79c                isis_eps__gethousekeepingeng__tm
 .text._I2C_Send
                0x2001c848       0x78 C:/ISIS/workspace/Kiryta Ata/satellite-subsystems/demo/..//satellite-subsystems/lib\libSatelliteSubsystemsD.a(isis_eps_driver.o)
 .text.GECKO_Init
                0x2001c8c0       0xa4 C:/ISIS/workspace/Kiryta Ata/satellite-subsystems/demo/..//satellite-subsystems/lib\libSatelliteSubsystemsD.a(gecko_driver.o)
                0x2001c8c0                GECKO_Init
 .text.GECKO_SetReg
                0x2001c964      0x144 C:/ISIS/workspace/Kiryta Ata/satellite-subsystems/demo/..//satellite-subsystems/lib\libSatelliteSubsystemsD.a(gecko_driver.o)
                0x2001c964                GECKO_SetReg
 .text.GECKO_GetReg
                0x2001caa8       0xe8 C:/ISIS/workspace/Kiryta Ata/satellite-subsystems/demo/..//satellite-subsystems/lib\libSatelliteSubsystemsD.a(gecko_driver.o)
                0x2001caa8                GECKO_GetReg
 .text.GECKO_GetBulkImgData
                0x2001cb90      0x1c8 C:/ISIS/workspace/Kiryta Ata/satellite-subsystems/demo/..//satellite-subsystems/lib\libSatelliteSubsystemsD.a(gecko_driver.o)
                0x2001cb90                GECKO_GetBulkImgData
 .text.GECKO_GetTelemetry
                0x2001cd58      0xaf4 C:/ISIS/workspace/Kiryta Ata/satellite-subsystems/demo/..//satellite-subsystems/lib\libSatelliteSubsystemsD.a(gecko_driver.o)
                0x2001cd58                GECKO_GetTelemetry
 .text.GECKO_GetTelemetry_Engineering
                0x2001d84c     0x2454 C:/ISIS/workspace/Kiryta Ata/satellite-subsystems/demo/..//satellite-subsystems/lib\libSatelliteSubsystemsD.a(gecko_driver.o)
                0x2001d84c                GECKO_GetTelemetry_Engineering
 .text.GECKO_GetVersionSwBuild
                0x2001fca0       0x70 C:/ISIS/workspace/Kiryta Ata/satellite-subsystems/demo/..//satellite-subsystems/lib\libSatelliteSubsystemsD.a(gecko_driver.o)
                0x2001fca0                GECKO_GetVersionSwBuild
 .text.GECKO_GetVersionSwMinor
                0x2001fd10       0x74 C:/ISIS/workspace/Kiryta Ata/satellite-subsystems/demo/..//satellite-subsystems/lib\libSatelliteSubsystemsD.a(gecko_driver.o)
                0x2001fd10                GECKO_GetVersionSwMinor
 .text.GECKO_GetVersionSwMajor
                0x2001fd84       0x74 C:/ISIS/workspace/Kiryta Ata/satellite-subsystems/demo/..//satellite-subsystems/lib\libSatelliteSubsystemsD.a(gecko_driver.o)
                0x2001fd84                GECKO_GetVersionSwMajor
 .text.GECKO_GetVersionHW
                0x2001fdf8       0x74 C:/ISIS/workspace/Kiryta Ata/satellite-subsystems/demo/..//satellite-subsystems/lib\libSatelliteSubsystemsD.a(gecko_driver.o)
                0x2001fdf8                GECKO_GetVersionHW
 .text.GECKO_SetOutputLVDS
                0x2001fe6c       0xd0 C:/ISIS/workspace/Kiryta Ata/satellite-subsystems/demo/..//satellite-subsystems/lib\libSatelliteSubsystemsD.a(gecko_driver.o)
                0x2001fe6c                GECKO_SetOutputLVDS
 .text.GECKO_SetOutputSPI
                0x2001ff3c       0xcc C:/ISIS/workspace/Kiryta Ata/satellite-subsystems/demo/..//satellite-subsystems/lib\libSatelliteSubsystemsD.a(gecko_driver.o)
                0x2001ff3c                GECKO_SetOutputSPI
 .text.GECKO_SetOutputSpeed
                0x20020008       0xe8 C:/ISIS/workspace/Kiryta Ata/satellite-subsystems/demo/..//satellite-subsystems/lib\libSatelliteSubsystemsD.a(gecko_driver.o)
                0x20020008                GECKO_SetOutputSpeed
 .text.GECKO_StartReadout
                0x200200f0       0xd0 C:/ISIS/workspace/Kiryta Ata/satellite-subsystems/demo/..//satellite-subsystems/lib\libSatelliteSubsystemsD.a(gecko_driver.o)
                0x200200f0                GECKO_StartReadout
 .text.GECKO_StartSample
                0x200201c0       0xd0 C:/ISIS/workspace/Kiryta Ata/satellite-subsystems/demo/..//satellite-subsystems/lib\libSatelliteSubsystemsD.a(gecko_driver.o)
                0x200201c0                GECKO_StartSample
 .text.GECKO_StartErase
                0x20020290       0xd0 C:/ISIS/workspace/Kiryta Ata/satellite-subsystems/demo/..//satellite-subsystems/lib\libSatelliteSubsystemsD.a(gecko_driver.o)
                0x20020290                GECKO_StartErase
 .text.GECKO_DisableTestPattern
                0x20020360       0xcc C:/ISIS/workspace/Kiryta Ata/satellite-subsystems/demo/..//satellite-subsystems/lib\libSatelliteSubsystemsD.a(gecko_driver.o)
                0x20020360                GECKO_DisableTestPattern
 .text.GECKO_GetFlashInitDone
                0x2002042c       0x74 C:/ISIS/workspace/Kiryta Ata/satellite-subsystems/demo/..//satellite-subsystems/lib\libSatelliteSubsystemsD.a(gecko_driver.o)
                0x2002042c                GECKO_GetFlashInitDone
 .text.GECKO_GetReadReady
                0x200204a0       0x74 C:/ISIS/workspace/Kiryta Ata/satellite-subsystems/demo/..//satellite-subsystems/lib\libSatelliteSubsystemsD.a(gecko_driver.o)
                0x200204a0                GECKO_GetReadReady
 .text.GECKO_GetReadDone
                0x20020514       0x74 C:/ISIS/workspace/Kiryta Ata/satellite-subsystems/demo/..//satellite-subsystems/lib\libSatelliteSubsystemsD.a(gecko_driver.o)
                0x20020514                GECKO_GetReadDone
 .text.GECKO_GetSampleDone
                0x20020588       0x74 C:/ISIS/workspace/Kiryta Ata/satellite-subsystems/demo/..//satellite-subsystems/lib\libSatelliteSubsystemsD.a(gecko_driver.o)
                0x20020588                GECKO_GetSampleDone
 .text.GECKO_GetEraseDone
                0x200205fc       0x74 C:/ISIS/workspace/Kiryta Ata/satellite-subsystems/demo/..//satellite-subsystems/lib\libSatelliteSubsystemsD.a(gecko_driver.o)
                0x200205fc                GECKO_GetEraseDone
 .text.GECKO_ClearReadDone
                0x20020670       0xcc C:/ISIS/workspace/Kiryta Ata/satellite-subsystems/demo/..//satellite-subsystems/lib\libSatelliteSubsystemsD.a(gecko_driver.o)
                0x20020670                GECKO_ClearReadDone
 .text.GECKO_ClearSampleDone
                0x2002073c       0xcc C:/ISIS/workspace/Kiryta Ata/satellite-subsystems/demo/..//satellite-subsystems/lib\libSatelliteSubsystemsD.a(gecko_driver.o)
                0x2002073c                GECKO_ClearSampleDone
 .text.GECKO_ClearEraseDone
                0x20020808       0xcc C:/ISIS/workspace/Kiryta Ata/satellite-subsystems/demo/..//satellite-subsystems/lib\libSatelliteSubsystemsD.a(gecko_driver.o)
                0x20020808                GECKO_ClearEraseDone
 .text.GECKO_GetFlashCount
                0x200208d4       0x84 C:/ISIS/workspace/Kiryta Ata/satellite-subsystems/demo/..//satellite-subsystems/lib\libSatelliteSubsystemsD.a(gecko_driver.o)
                0x200208d4                GECKO_GetFlashCount
 .text.GECKO_SetImageID
                0x20020958       0xe4 C:/ISIS/workspace/Kiryta Ata/satellite-subsystems/demo/..//satellite-subsystems/lib\libSatelliteSubsystemsD.a(gecko_driver.o)
                0x20020958                GECKO_SetImageID
 .text.GECKO_SetFrameAmount
                0x20020a3c       0xd4 C:/ISIS/workspace/Kiryta Ata/satellite-subsystems/demo/..//satellite-subsystems/lib\libSatelliteSubsystemsD.a(gecko_driver.o)
                0x20020a3c                GECKO_SetFrameAmount
 .text.GECKO_GetUpTime
                0x20020b10       0x6c C:/ISIS/workspace/Kiryta Ata/satellite-subsystems/demo/..//satellite-subsystems/lib\libSatelliteSubsystemsD.a(gecko_driver.o)
                0x20020b10                GECKO_GetUpTime
 .text.GECKO_SetImageType
                0x20020b7c       0xe0 C:/ISIS/workspace/Kiryta Ata/satellite-subsystems/demo/..//satellite-subsystems/lib\libSatelliteSubsystemsD.a(gecko_driver.o)
                0x20020b7c                GECKO_SetImageType
 .text.GECKO_SensorOn
                0x20020c5c       0xd0 C:/ISIS/workspace/Kiryta Ata/satellite-subsystems/demo/..//satellite-subsystems/lib\libSatelliteSubsystemsD.a(gecko_driver.o)
                0x20020c5c                GECKO_SensorOn
 .text.GECKO_SensorOff
                0x20020d2c       0xcc C:/ISIS/workspace/Kiryta Ata/satellite-subsystems/demo/..//satellite-subsystems/lib\libSatelliteSubsystemsD.a(gecko_driver.o)
                0x20020d2c                GECKO_SensorOff
 .text.GECKO_SetFrameRate
                0x20020df8       0xdc C:/ISIS/workspace/Kiryta Ata/satellite-subsystems/demo/..//satellite-subsystems/lib\libSatelliteSubsystemsD.a(gecko_driver.o)
                0x20020df8                GECKO_SetFrameRate
 .text.GECKO_GetOnDone
                0x20020ed4       0x74 C:/ISIS/workspace/Kiryta Ata/satellite-subsystems/demo/..//satellite-subsystems/lib\libSatelliteSubsystemsD.a(gecko_driver.o)
                0x20020ed4                GECKO_GetOnDone
 .text.GECKO_GetTrainingDone
                0x20020f48       0x74 C:/ISIS/workspace/Kiryta Ata/satellite-subsystems/demo/..//satellite-subsystems/lib\libSatelliteSubsystemsD.a(gecko_driver.o)
                0x20020f48                GECKO_GetTrainingDone
 .text.GECKO_GetTrainingError
                0x20020fbc       0x74 C:/ISIS/workspace/Kiryta Ata/satellite-subsystems/demo/..//satellite-subsystems/lib\libSatelliteSubsystemsD.a(gecko_driver.o)
                0x20020fbc                GECKO_GetTrainingError
 .text.GECKO_SetAdcGain
                0x20021030       0xdc C:/ISIS/workspace/Kiryta Ata/satellite-subsystems/demo/..//satellite-subsystems/lib\libSatelliteSubsystemsD.a(gecko_driver.o)
                0x20021030                GECKO_SetAdcGain
 .text.GECKO_SetPgaGain
                0x2002110c       0xe4 C:/ISIS/workspace/Kiryta Ata/satellite-subsystems/demo/..//satellite-subsystems/lib\libSatelliteSubsystemsD.a(gecko_driver.o)
                0x2002110c                GECKO_SetPgaGain
 .text.GECKO_SetExposure
                0x200211f0       0xdc C:/ISIS/workspace/Kiryta Ata/satellite-subsystems/demo/..//satellite-subsystems/lib\libSatelliteSubsystemsD.a(gecko_driver.o)
                0x200211f0                GECKO_SetExposure
 .text._SpiWriteRead
                0x200212cc       0x84 C:/ISIS/workspace/Kiryta Ata/satellite-subsystems/demo/..//satellite-subsystems/lib\libSatelliteSubsystemsD.a(gecko_driver.o)
 .text._SpiOpimizedWriteRead
                0x20021350       0x5c C:/ISIS/workspace/Kiryta Ata/satellite-subsystems/demo/..//satellite-subsystems/lib\libSatelliteSubsystemsD.a(gecko_driver.o)
 .text._SpiCallback
                0x200213ac       0x90 C:/ISIS/workspace/Kiryta Ata/satellite-subsystems/demo/..//satellite-subsystems/lib\libSatelliteSubsystemsD.a(gecko_driver.o)
 .text.GECKO_UC_Init
                0x2002143c       0x78 C:/ISIS/workspace/Kiryta Ata/satellite-subsystems/demo/..//satellite-subsystems/lib\libSatelliteSubsystemsD.a(gecko_use_cases.o)
                0x2002143c                GECKO_UC_Init
 .text.GECKO_UC_TakeImage
                0x200214b4       0xac C:/ISIS/workspace/Kiryta Ata/satellite-subsystems/demo/..//satellite-subsystems/lib\libSatelliteSubsystemsD.a(gecko_use_cases.o)
                0x200214b4                GECKO_UC_TakeImage
 .text.GECKO_UC_TakeImage_Prepare
                0x20021560      0x3cc C:/ISIS/workspace/Kiryta Ata/satellite-subsystems/demo/..//satellite-subsystems/lib\libSatelliteSubsystemsD.a(gecko_use_cases.o)
                0x20021560                GECKO_UC_TakeImage_Prepare
 .text.GECKO_UC_TakeImage_StartSample
                0x2002192c       0x50 C:/ISIS/workspace/Kiryta Ata/satellite-subsystems/demo/..//satellite-subsystems/lib\libSatelliteSubsystemsD.a(gecko_use_cases.o)
                0x2002192c                GECKO_UC_TakeImage_StartSample
 .text.GECKO_UC_TakeImage_Cleanup
                0x2002197c      0x134 C:/ISIS/workspace/Kiryta Ata/satellite-subsystems/demo/..//satellite-subsystems/lib\libSatelliteSubsystemsD.a(gecko_use_cases.o)
                0x2002197c                GECKO_UC_TakeImage_Cleanup
 .text.GECKO_UC_ReadImage
                0x20021ab0      0x340 C:/ISIS/workspace/Kiryta Ata/satellite-subsystems/demo/..//satellite-subsystems/lib\libSatelliteSubsystemsD.a(gecko_use_cases.o)
                0x20021ab0                GECKO_UC_ReadImage
 .text.GECKO_UC_ReadImageLVDS
                0x20021df0       0x6c C:/ISIS/workspace/Kiryta Ata/satellite-subsystems/demo/..//satellite-subsystems/lib\libSatelliteSubsystemsD.a(gecko_use_cases.o)
                0x20021df0                GECKO_UC_ReadImageLVDS
 .text.GECKO_UC_ReadImageLVDS_Start
                0x20021e5c      0x158 C:/ISIS/workspace/Kiryta Ata/satellite-subsystems/demo/..//satellite-subsystems/lib\libSatelliteSubsystemsD.a(gecko_use_cases.o)
                0x20021e5c                GECKO_UC_ReadImageLVDS_Start
 .text.GECKO_UC_ReadImageLVDS_WaitForDone
                0x20021fb4      0x108 C:/ISIS/workspace/Kiryta Ata/satellite-subsystems/demo/..//satellite-subsystems/lib\libSatelliteSubsystemsD.a(gecko_use_cases.o)
                0x20021fb4                GECKO_UC_ReadImageLVDS_WaitForDone
 .text.GECKO_UC_EraseBlock
                0x200220bc      0x130 C:/ISIS/workspace/Kiryta Ata/satellite-subsystems/demo/..//satellite-subsystems/lib\libSatelliteSubsystemsD.a(gecko_use_cases.o)
                0x200220bc                GECKO_UC_EraseBlock
 .text.GECKO_UC_GetTelemetry
                0x200221ec      0x200 C:/ISIS/workspace/Kiryta Ata/satellite-subsystems/demo/..//satellite-subsystems/lib\libSatelliteSubsystemsD.a(gecko_use_cases.o)
                0x200221ec                GECKO_UC_GetTelemetry
 .text.makeTRXCommonTransfer
                0x200223ec       0x34 C:/ISIS/workspace/Kiryta Ata/satellite-subsystems/demo/..//satellite-subsystems/lib\libSatelliteSubsystemsD.a(IsisTRXCommon.o)
 .text.IsisTrxCommon_componentReset
                0x20022420       0x68 C:/ISIS/workspace/Kiryta Ata/satellite-subsystems/demo/..//satellite-subsystems/lib\libSatelliteSubsystemsD.a(IsisTRXCommon.o)
                0x20022420                IsisTrxCommon_componentReset
 .text.IsisTrxCommon_TxSendAX25DefClSign
                0x20022488       0xf4 C:/ISIS/workspace/Kiryta Ata/satellite-subsystems/demo/..//satellite-subsystems/lib\libSatelliteSubsystemsD.a(IsisTRXCommon.o)
                0x20022488                IsisTrxCommon_TxSendAX25DefClSign
 .text.IsisTrxCommon_TxSetIdlestate
                0x2002257c       0x78 C:/ISIS/workspace/Kiryta Ata/satellite-subsystems/demo/..//satellite-subsystems/lib\libSatelliteSubsystemsD.a(IsisTRXCommon.o)
                0x2002257c                IsisTrxCommon_TxSetIdlestate
 .text.IsisTrxCommon_TxSetAx25Bitrate
                0x200225f4       0x78 C:/ISIS/workspace/Kiryta Ata/satellite-subsystems/demo/..//satellite-subsystems/lib\libSatelliteSubsystemsD.a(IsisTRXCommon.o)
                0x200225f4                IsisTrxCommon_TxSetAx25Bitrate
 .text.IsisTrxCommon_RxGetFrameCount
                0x2002266c       0x8c C:/ISIS/workspace/Kiryta Ata/satellite-subsystems/demo/..//satellite-subsystems/lib\libSatelliteSubsystemsD.a(IsisTRXCommon.o)
                0x2002266c                IsisTrxCommon_RxGetFrameCount
 .text.IsisTrxCommon_RxGetTelemetryAll
                0x200226f8       0x8c C:/ISIS/workspace/Kiryta Ata/satellite-subsystems/demo/..//satellite-subsystems/lib\libSatelliteSubsystemsD.a(IsisTRXCommon.o)
                0x200226f8                IsisTrxCommon_RxGetTelemetryAll
 .text.IsisTrxCommon_RxGetTelemetryAll_revC
                0x20022784       0x8c C:/ISIS/workspace/Kiryta Ata/satellite-subsystems/demo/..//satellite-subsystems/lib\libSatelliteSubsystemsD.a(IsisTRXCommon.o)
                0x20022784                IsisTrxCommon_RxGetTelemetryAll_revC
 .text.IsisTrxCommon_GetUptime
                0x20022810       0x8c C:/ISIS/workspace/Kiryta Ata/satellite-subsystems/demo/..//satellite-subsystems/lib\libSatelliteSubsystemsD.a(IsisTRXCommon.o)
                0x20022810                IsisTrxCommon_GetUptime
 *fill*         0x2002289c        0x4 00
 .text.exp      0x200228a0      0x190 c:/isis/application/toolchain/bin/../lib/gcc/arm-none-eabi/4.7.4/../../../../arm-none-eabi/lib\libm.a(lib_a-w_exp.o)
                0x200228a0                exp
 .text.log      0x20022a30      0x17c c:/isis/application/toolchain/bin/../lib/gcc/arm-none-eabi/4.7.4/../../../../arm-none-eabi/lib\libm.a(lib_a-w_log.o)
                0x20022a30                log
 *fill*         0x20022bac        0x4 00
 .text.__ieee754_exp
                0x20022bb0      0x448 c:/isis/application/toolchain/bin/../lib/gcc/arm-none-eabi/4.7.4/../../../../arm-none-eabi/lib\libm.a(lib_a-e_exp.o)
                0x20022bb0                __ieee754_exp
 .text.__ieee754_log
                0x20022ff8      0x5c0 c:/isis/application/toolchain/bin/../lib/gcc/arm-none-eabi/4.7.4/../../../../arm-none-eabi/lib\libm.a(lib_a-e_log.o)
                0x20022ff8                __ieee754_log
 .text.finite   0x200235b8       0x10 c:/isis/application/toolchain/bin/../lib/gcc/arm-none-eabi/4.7.4/../../../../arm-none-eabi/lib\libm.a(lib_a-s_finite.o)
                0x200235b8                finite
 .text.__fpclassifyd
                0x200235c8       0x6c c:/isis/application/toolchain/bin/../lib/gcc/arm-none-eabi/4.7.4/../../../../arm-none-eabi/lib\libm.a(lib_a-s_fpclassify.o)
                0x200235c8                __fpclassifyd
 .text.matherr  0x20023634        0x8 c:/isis/application/toolchain/bin/../lib/gcc/arm-none-eabi/4.7.4/../../../../arm-none-eabi/lib\libm.a(lib_a-s_matherr.o)
                0x20023634                matherr
 .text.nan      0x2002363c       0x10 c:/isis/application/toolchain/bin/../lib/gcc/arm-none-eabi/4.7.4/../../../../arm-none-eabi/lib\libm.a(lib_a-s_nan.o)
                0x2002363c                nan
 .text.fn_init  0x2002364c      0x2dc C:/ISIS/workspace/Kiryta Ata/satellite-subsystems/demo/../..//hal/hcc/lib\libHCCD.a(fat_common.o)
                0x2002364c                fn_init
 .text.fsn_delete
                0x20023928       0xc8 C:/ISIS/workspace/Kiryta Ata/satellite-subsystems/demo/../..//hal/hcc/lib\libHCCD.a(fat_common.o)
                0x20023928                fsn_delete
 .text._f_get16bitl
                0x200239f0       0x4c C:/ISIS/workspace/Kiryta Ata/satellite-subsystems/demo/../..//hal/hcc/lib\libHCCD.a(fat_common.o)
                0x200239f0                _f_get16bitl
 .text._f_set16bitl
                0x20023a3c       0x54 C:/ISIS/workspace/Kiryta Ata/satellite-subsystems/demo/../..//hal/hcc/lib\libHCCD.a(fat_common.o)
                0x20023a3c                _f_set16bitl
 .text._f_get32bitl
                0x20023a90       0x68 C:/ISIS/workspace/Kiryta Ata/satellite-subsystems/demo/../..//hal/hcc/lib\libHCCD.a(fat_common.o)
                0x20023a90                _f_get32bitl
 .text._f_set32bitl
                0x20023af8       0x78 C:/ISIS/workspace/Kiryta Ata/satellite-subsystems/demo/../..//hal/hcc/lib\libHCCD.a(fat_common.o)
                0x20023af8                _f_set32bitl
 .text._get8bit
                0x20023b70       0xa0 C:/ISIS/workspace/Kiryta Ata/satellite-subsystems/demo/../..//hal/hcc/lib\libHCCD.a(fat_common.o)
 .text._get16bitl
                0x20023c10       0x40 C:/ISIS/workspace/Kiryta Ata/satellite-subsystems/demo/../..//hal/hcc/lib\libHCCD.a(fat_common.o)
 .text._get32bitl
                0x20023c50       0x3c C:/ISIS/workspace/Kiryta Ata/satellite-subsystems/demo/../..//hal/hcc/lib\libHCCD.a(fat_common.o)
 .text._f_setcardremoved
                0x20023c8c       0x94 C:/ISIS/workspace/Kiryta Ata/satellite-subsystems/demo/../..//hal/hcc/lib\libHCCD.a(fat_common.o)
 .text._f_checkstatus
                0x20023d20      0x104 C:/ISIS/workspace/Kiryta Ata/satellite-subsystems/demo/../..//hal/hcc/lib\libHCCD.a(fat_common.o)
                0x20023d20                _f_checkstatus
 .text._f_drvgetphy
                0x20023e24      0x114 C:/ISIS/workspace/Kiryta Ata/satellite-subsystems/demo/../..//hal/hcc/lib\libHCCD.a(fat_common.o)
 .text._f_drvwritesector
                0x20023f38       0xdc C:/ISIS/workspace/Kiryta Ata/satellite-subsystems/demo/../..//hal/hcc/lib\libHCCD.a(fat_common.o)
 .text._f_drvreadsector
                0x20024014       0xa8 C:/ISIS/workspace/Kiryta Ata/satellite-subsystems/demo/../..//hal/hcc/lib\libHCCD.a(fat_common.o)
 .text._f_writesector
                0x200240bc      0x23c C:/ISIS/workspace/Kiryta Ata/satellite-subsystems/demo/../..//hal/hcc/lib\libHCCD.a(fat_common.o)
                0x200240bc                _f_writesector
 .text._f_readsector
                0x200242f8      0x1dc C:/ISIS/workspace/Kiryta Ata/satellite-subsystems/demo/../..//hal/hcc/lib\libHCCD.a(fat_common.o)
                0x200242f8                _f_readsector
 .text._f_getmaxcluster
                0x200244d4       0x94 C:/ISIS/workspace/Kiryta Ata/satellite-subsystems/demo/../..//hal/hcc/lib\libHCCD.a(fat_common.o)
                0x200244d4                _f_getmaxcluster
 .text._getsectorfromcluster
                0x20024568       0x68 C:/ISIS/workspace/Kiryta Ata/satellite-subsystems/demo/../..//hal/hcc/lib\libHCCD.a(fat_common.o)
 .text._f_buildsectors
                0x200245d0      0x268 C:/ISIS/workspace/Kiryta Ata/satellite-subsystems/demo/../..//hal/hcc/lib\libHCCD.a(fat_common.o)
 .text._f_getbootrecord
                0x20024838      0x5e4 C:/ISIS/workspace/Kiryta Ata/satellite-subsystems/demo/../..//hal/hcc/lib\libHCCD.a(fat_common.o)
 .text._f_readbootrecord
                0x20024e1c      0x4f8 C:/ISIS/workspace/Kiryta Ata/satellite-subsystems/demo/../..//hal/hcc/lib\libHCCD.a(fat_common.o)
 .text._f_flushcffiles
                0x20025314      0x17c C:/ISIS/workspace/Kiryta Ata/satellite-subsystems/demo/../..//hal/hcc/lib\libHCCD.a(fat_common.o)
                0x20025314                _f_flushcffiles
 .text._f_fatcache_flush
                0x20025490      0x270 C:/ISIS/workspace/Kiryta Ata/satellite-subsystems/demo/../..//hal/hcc/lib\libHCCD.a(fat_common.o)
                0x20025490                _f_fatcache_flush
 .text._f_writefatsector
                0x20025700      0x100 C:/ISIS/workspace/Kiryta Ata/satellite-subsystems/demo/../..//hal/hcc/lib\libHCCD.a(fat_common.o)
                0x20025700                _f_writefatsector
 .text._f_getfatsector
                0x20025800      0x3bc C:/ISIS/workspace/Kiryta Ata/satellite-subsystems/demo/../..//hal/hcc/lib\libHCCD.a(fat_common.o)
 .text._f_setclustervalue
                0x20025bbc      0x490 C:/ISIS/workspace/Kiryta Ata/satellite-subsystems/demo/../..//hal/hcc/lib\libHCCD.a(fat_common.o)
                0x20025bbc                _f_setclustervalue
 .text._f_getclustervalue
                0x2002604c      0x388 C:/ISIS/workspace/Kiryta Ata/satellite-subsystems/demo/../..//hal/hcc/lib\libHCCD.a(fat_common.o)
                0x2002604c                _f_getclustervalue
 .text._f_close_drive_files
                0x200263d4       0xac C:/ISIS/workspace/Kiryta Ata/satellite-subsystems/demo/../..//hal/hcc/lib\libHCCD.a(fat_common.o)
 .text._f_inc_mount_count
                0x20026480       0xa4 C:/ISIS/workspace/Kiryta Ata/satellite-subsystems/demo/../..//hal/hcc/lib\libHCCD.a(fat_common.o)
 .text._f_getvolume
                0x20026524      0x2f8 C:/ISIS/workspace/Kiryta Ata/satellite-subsystems/demo/../..//hal/hcc/lib\libHCCD.a(fat_common.o)
                0x20026524                _f_getvolume
 .text.fn_createdriver
                0x2002681c      0x118 C:/ISIS/workspace/Kiryta Ata/satellite-subsystems/demo/../..//hal/hcc/lib\libHCCD.a(fat_common.o)
                0x2002681c                fn_createdriver
 .text.fn_initvolume
                0x20026934      0x12c C:/ISIS/workspace/Kiryta Ata/satellite-subsystems/demo/../..//hal/hcc/lib\libHCCD.a(fat_common.o)
                0x20026934                fn_initvolume
 .text.fn_releasedriver
                0x20026a60       0xf4 C:/ISIS/workspace/Kiryta Ata/satellite-subsystems/demo/../..//hal/hcc/lib\libHCCD.a(fat_common.o)
                0x20026a60                fn_releasedriver
 .text.fn_initvolumepartition_sub
                0x20026b54       0xe0 C:/ISIS/workspace/Kiryta Ata/satellite-subsystems/demo/../..//hal/hcc/lib\libHCCD.a(fat_common.o)
 .text.fn_initvolumepartition
                0x20026c34       0xac C:/ISIS/workspace/Kiryta Ata/satellite-subsystems/demo/../..//hal/hcc/lib\libHCCD.a(fat_common.o)
                0x20026c34                fn_initvolumepartition
 .text.fn_delvolume
                0x20026ce0      0x194 C:/ISIS/workspace/Kiryta Ata/satellite-subsystems/demo/../..//hal/hcc/lib\libHCCD.a(fat_common.o)
                0x20026ce0                fn_delvolume
 .text._f_clustertopos
                0x20026e74       0xf8 C:/ISIS/workspace/Kiryta Ata/satellite-subsystems/demo/../..//hal/hcc/lib\libHCCD.a(fat_common.o)
                0x20026e74                _f_clustertopos
 .text._f_getcurrsector
                0x20026f6c      0x6c8 C:/ISIS/workspace/Kiryta Ata/satellite-subsystems/demo/../..//hal/hcc/lib\libHCCD.a(fat_common.o)
                0x20026f6c                _f_getcurrsector
 .text._f_getdecluster
                0x20027634       0x90 C:/ISIS/workspace/Kiryta Ata/satellite-subsystems/demo/../..//hal/hcc/lib\libHCCD.a(fat_common.o)
                0x20027634                _f_getdecluster
 .text._f_setdecluster
                0x200276c4       0x8c C:/ISIS/workspace/Kiryta Ata/satellite-subsystems/demo/../..//hal/hcc/lib\libHCCD.a(fat_common.o)
                0x200276c4                _f_setdecluster
 .text.fn_getdrive
                0x20027750       0x30 C:/ISIS/workspace/Kiryta Ata/satellite-subsystems/demo/../..//hal/hcc/lib\libHCCD.a(fat_common.o)
                0x20027750                fn_getdrive
 .text._f_getcurrenttimedate
                0x20027780      0x138 C:/ISIS/workspace/Kiryta Ata/satellite-subsystems/demo/../..//hal/hcc/lib\libHCCD.a(fat_common.o)
                0x20027780                _f_getcurrenttimedate
 .text._f_initentry
                0x200278b8       0xa0 C:/ISIS/workspace/Kiryta Ata/satellite-subsystems/demo/../..//hal/hcc/lib\libHCCD.a(fat_common.o)
                0x200278b8                _f_initentry
 .text._f_alloccluster
                0x20027958      0x344 C:/ISIS/workspace/Kiryta Ata/satellite-subsystems/demo/../..//hal/hcc/lib\libHCCD.a(fat_common.o)
                0x20027958                _f_alloccluster
 .text._f_dobadblock
                0x20027c9c      0x2cc C:/ISIS/workspace/Kiryta Ata/satellite-subsystems/demo/../..//hal/hcc/lib\libHCCD.a(fat_common.o)